Component: ARM Compiler 5.06 update 5 (build 528) Tool: armlink [4d35e2]

==============================================================================

Section Cross References

    main.o(i.SysTick_Handler) refers to main.o(.data) for timer_tick
    main.o(i.main) refers to lcd.o(i.lcd_init) for lcd_init
    main.o(i.main) refers to lcd.o(i.lcd_puts) for lcd_puts
    main.o(i.main) refers to lcd.o(i.lcd_gotoxy) for lcd_gotoxy
    main.o(i.main) refers to delay.o(i.delay_ms) for delay_ms
    main.o(i.main) refers to lcd.o(i.lcd_clear) for lcd_clear
    main.o(i.main) refers to stm32l1xx_rcc.o(i.RCC_AHBPeriphClockCmd) for RCC_AHBPeriphClockCmd
    main.o(i.main) refers to stm32l1xx_gpio.o(i.GPIO_Init) for GPIO_Init
    main.o(i.main) refers to stm32l1xx_gpio.o(i.GPIO_SetBits) for GPIO_SetBits
    main.o(i.main) refers to stm32l1xx_rcc.o(i.RCC_HSICmd) for RCC_HSICmd
    main.o(i.main) refers to stm32l1xx_rcc.o(i.RCC_GetFlagStatus) for RCC_GetFlagStatus
    main.o(i.main) refers to stm32l1xx_rcc.o(i.RCC_APB2PeriphClockCmd) for RCC_APB2PeriphClockCmd
    main.o(i.main) refers to stm32l1xx_adc.o(i.ADC_DeInit) for ADC_DeInit
    main.o(i.main) refers to stm32l1xx_adc.o(i.ADC_CommonStructInit) for ADC_CommonStructInit
    main.o(i.main) refers to stm32l1xx_adc.o(i.ADC_CommonInit) for ADC_CommonInit
    main.o(i.main) refers to stm32l1xx_adc.o(i.ADC_Init) for ADC_Init
    main.o(i.main) refers to stm32l1xx_adc.o(i.ADC_Cmd) for ADC_Cmd
    main.o(i.main) refers to stm32l1xx_adc.o(i.ADC_RegularChannelConfig) for ADC_RegularChannelConfig
    main.o(i.main) refers to stm32l1xx_adc.o(i.ADC_PowerDownCmd) for ADC_PowerDownCmd
    main.o(i.main) refers to stm32l1xx_adc.o(i.ADC_GetFlagStatus) for ADC_GetFlagStatus
    main.o(i.main) refers to stm32l1xx_adc.o(i.ADC_SoftwareStartConv) for ADC_SoftwareStartConv
    main.o(i.main) refers to stm32l1xx_adc.o(i.ADC_GetConversionValue) for ADC_GetConversionValue
    main.o(i.main) refers to util.o(i.int_to_str) for int_to_str
    main.o(i.main) refers to stm32l1xx_adc.o(i.ADC_ClearFlag) for ADC_ClearFlag
    main.o(i.main) refers to system_stm32l1xx.o(.data) for SystemCoreClock
    delay.o(i.delay_ms) refers to main.o(.data) for timer_tick
    lcd.o(i.lcd_clear) refers to lcd.o(i.lcd_command_write) for lcd_command_write
    lcd.o(i.lcd_command_write) refers to delay.o(i.delay_ms) for delay_ms
    lcd.o(i.lcd_data_write) refers to delay.o(i.delay_ms) for delay_ms
    lcd.o(i.lcd_gotoxy) refers to lcd.o(i.lcd_command_write) for lcd_command_write
    lcd.o(i.lcd_init) refers to delay.o(i.delay_ms) for delay_ms
    lcd.o(i.lcd_init) refers to lcd.o(i.lcd_command_write) for lcd_command_write
    lcd.o(i.lcd_putchar) refers to lcd.o(i.lcd_data_write) for lcd_data_write
    lcd.o(i.lcd_puts) refers to lcd.o(i.lcd_putchar) for lcd_putchar
    stm32l1xx_adc.o(i.ADC_DeInit) refers to stm32l1xx_rcc.o(i.RCC_APB2PeriphResetCmd) for RCC_APB2PeriphResetCmd
    stm32l1xx_dac.o(i.DAC_DeInit) refers to stm32l1xx_rcc.o(i.RCC_APB1PeriphResetCmd) for RCC_APB1PeriphResetCmd
    stm32l1xx_gpio.o(i.GPIO_DeInit) refers to stm32l1xx_rcc.o(i.RCC_AHBPeriphResetCmd) for RCC_AHBPeriphResetCmd
    stm32l1xx_rcc.o(i.RCC_GetClocksFreq) refers to stm32l1xx_rcc.o(.data) for PLLMulTable
    stm32l1xx_rcc.o(i.RCC_WaitForHSEStartUp) refers to stm32l1xx_rcc.o(i.RCC_GetFlagStatus) for RCC_GetFlagStatus
    startup_stm32l100xc.o(STACK) refers (Special) to heapauxi.o(.text) for __use_two_region_memory
    startup_stm32l100xc.o(HEAP) refers (Special) to heapauxi.o(.text) for __use_two_region_memory
    startup_stm32l100xc.o(RESET) refers (Special) to heapauxi.o(.text) for __use_two_region_memory
    startup_stm32l100xc.o(RESET) refers to startup_stm32l100xc.o(STACK) for __initial_sp
    startup_stm32l100xc.o(RESET) refers to startup_stm32l100xc.o(.text) for Reset_Handler
    startup_stm32l100xc.o(RESET) refers to main.o(i.SysTick_Handler) for SysTick_Handler
    startup_stm32l100xc.o(.text) refers (Special) to heapauxi.o(.text) for __use_two_region_memory
    startup_stm32l100xc.o(.text) refers to system_stm32l1xx.o(i.SystemInit) for SystemInit
    startup_stm32l100xc.o(.text) refers to __main.o(!!!main) for __main
    startup_stm32l100xc.o(.text) refers to startup_stm32l100xc.o(HEAP) for Heap_Mem
    startup_stm32l100xc.o(.text) refers to startup_stm32l100xc.o(STACK) for Stack_Mem
    system_stm32l1xx.o(i.SystemCoreClockUpdate) refers to system_stm32l1xx.o(.data) for SystemCoreClock
    __main.o(!!!main) refers to __rtentry.o(.ARM.Collect$$rtentry$$00000000) for __rt_entry
    __rtentry.o(.ARM.Collect$$rtentry$$00000000) refers (Special) to __rtentry2.o(.ARM.Collect$$rtentry$$0000000A) for __rt_entry_li
    __rtentry.o(.ARM.Collect$$rtentry$$00000000) refers (Special) to __rtentry2.o(.ARM.Collect$$rtentry$$0000000D) for __rt_entry_main
    __rtentry.o(.ARM.Collect$$rtentry$$00000000) refers (Special) to __rtentry2.o(.ARM.Collect$$rtentry$$0000000C) for __rt_entry_postli_1
    __rtentry.o(.ARM.Collect$$rtentry$$00000000) refers (Special) to __rtentry2.o(.ARM.Collect$$rtentry$$00000009) for __rt_entry_postsh_1
    __rtentry.o(.ARM.Collect$$rtentry$$00000000) refers (Special) to __rtentry2.o(.ARM.Collect$$rtentry$$00000002) for __rt_entry_presh_1
    __rtentry.o(.ARM.Collect$$rtentry$$00000000) refers (Special) to __rtentry4.o(.ARM.Collect$$rtentry$$00000004) for __rt_entry_sh
    __rtentry2.o(.ARM.Collect$$rtentry$$00000008) refers to boardinit2.o(.text) for _platform_post_stackheap_init
    __rtentry2.o(.ARM.Collect$$rtentry$$0000000A) refers to libinit.o(.ARM.Collect$$libinit$$00000000) for __rt_lib_init
    __rtentry2.o(.ARM.Collect$$rtentry$$0000000B) refers to boardinit3.o(.text) for _platform_post_lib_init
    __rtentry2.o(.ARM.Collect$$rtentry$$0000000D) refers to main.o(i.main) for main
    __rtentry2.o(.ARM.Collect$$rtentry$$0000000D) refers to exit.o(.text) for exit
    __rtentry2.o(.ARM.exidx) refers to __rtentry2.o(.ARM.Collect$$rtentry$$00000001) for .ARM.Collect$$rtentry$$00000001
    __rtentry2.o(.ARM.exidx) refers to __rtentry2.o(.ARM.Collect$$rtentry$$00000008) for .ARM.Collect$$rtentry$$00000008
    __rtentry2.o(.ARM.exidx) refers to __rtentry2.o(.ARM.Collect$$rtentry$$0000000A) for .ARM.Collect$$rtentry$$0000000A
    __rtentry2.o(.ARM.exidx) refers to __rtentry2.o(.ARM.Collect$$rtentry$$0000000B) for .ARM.Collect$$rtentry$$0000000B
    __rtentry2.o(.ARM.exidx) refers to __rtentry2.o(.ARM.Collect$$rtentry$$0000000D) for .ARM.Collect$$rtentry$$0000000D
    __rtentry4.o(.ARM.Collect$$rtentry$$00000004) refers to sys_stackheap_outer.o(.text) for __user_setup_stackheap
    __rtentry4.o(.ARM.exidx) refers to __rtentry4.o(.ARM.Collect$$rtentry$$00000004) for .ARM.Collect$$rtentry$$00000004
    sys_stackheap_outer.o(.text) refers to libspace.o(.text) for __user_perproc_libspace
    sys_stackheap_outer.o(.text) refers to startup_stm32l100xc.o(.text) for __user_initial_stackheap
    exit.o(.text) refers to rtexit.o(.ARM.Collect$$rtexit$$00000000) for __rt_exit
    libinit.o(.ARM.Collect$$libinit$$00000000) refers (Special) to libinit2.o(.ARM.Collect$$libinit$$0000002E) for __rt_lib_init_alloca_1
    libinit.o(.ARM.Collect$$libinit$$00000000) refers (Special) to libinit2.o(.ARM.Collect$$libinit$$0000002C) for __rt_lib_init_argv_1
    libinit.o(.ARM.Collect$$libinit$$00000000) refers (Special) to libinit2.o(.ARM.Collect$$libinit$$0000001B) for __rt_lib_init_atexit_1
    libinit.o(.ARM.Collect$$libinit$$00000000) refers (Special) to libinit2.o(.ARM.Collect$$libinit$$00000021) for __rt_lib_init_clock_1
    libinit.o(.ARM.Collect$$libinit$$00000000) refers (Special) to libinit2.o(.ARM.Collect$$libinit$$00000032) for __rt_lib_init_cpp_1
    libinit.o(.ARM.Collect$$libinit$$00000000) refers (Special) to libinit2.o(.ARM.Collect$$libinit$$00000030) for __rt_lib_init_exceptions_1
    libinit.o(.ARM.Collect$$libinit$$00000000) refers (Special) to libinit2.o(.ARM.Collect$$libinit$$00000002) for __rt_lib_init_fp_1
    libinit.o(.ARM.Collect$$libinit$$00000000) refers (Special) to libinit2.o(.ARM.Collect$$libinit$$0000001F) for __rt_lib_init_fp_trap_1
    libinit.o(.ARM.Collect$$libinit$$00000000) refers (Special) to libinit2.o(.ARM.Collect$$libinit$$00000023) for __rt_lib_init_getenv_1
    libinit.o(.ARM.Collect$$libinit$$00000000) refers (Special) to libinit2.o(.ARM.Collect$$libinit$$0000000A) for __rt_lib_init_heap_1
    libinit.o(.ARM.Collect$$libinit$$00000000) refers (Special) to libinit2.o(.ARM.Collect$$libinit$$00000011) for __rt_lib_init_lc_collate_1
    libinit.o(.ARM.Collect$$libinit$$00000000) refers (Special) to libinit2.o(.ARM.Collect$$libinit$$00000013) for __rt_lib_init_lc_ctype_1
    libinit.o(.ARM.Collect$$libinit$$00000000) refers (Special) to libinit2.o(.ARM.Collect$$libinit$$00000015) for __rt_lib_init_lc_monetary_1
    libinit.o(.ARM.Collect$$libinit$$00000000) refers (Special) to libinit2.o(.ARM.Collect$$libinit$$00000017) for __rt_lib_init_lc_numeric_1
    libinit.o(.ARM.Collect$$libinit$$00000000) refers (Special) to libinit2.o(.ARM.Collect$$libinit$$00000019) for __rt_lib_init_lc_time_1
    libinit.o(.ARM.Collect$$libinit$$00000000) refers (Special) to libinit2.o(.ARM.Collect$$libinit$$00000004) for __rt_lib_init_preinit_1
    libinit.o(.ARM.Collect$$libinit$$00000000) refers (Special) to libinit2.o(.ARM.Collect$$libinit$$0000000E) for __rt_lib_init_rand_1
    libinit.o(.ARM.Collect$$libinit$$00000000) refers (Special) to libinit2.o(.ARM.Collect$$libinit$$00000033) for __rt_lib_init_return
    libinit.o(.ARM.Collect$$libinit$$00000000) refers (Special) to libinit2.o(.ARM.Collect$$libinit$$0000001D) for __rt_lib_init_signal_1
    libinit.o(.ARM.Collect$$libinit$$00000000) refers (Special) to libinit2.o(.ARM.Collect$$libinit$$00000025) for __rt_lib_init_stdio_1
    libinit.o(.ARM.Collect$$libinit$$00000000) refers (Special) to libinit2.o(.ARM.Collect$$libinit$$0000000C) for __rt_lib_init_user_alloc_1
    libspace.o(.text) refers to libspace.o(.bss) for __libspace_start
    rtexit.o(.ARM.Collect$$rtexit$$00000000) refers (Special) to rtexit2.o(.ARM.Collect$$rtexit$$00000004) for __rt_exit_exit
    rtexit.o(.ARM.Collect$$rtexit$$00000000) refers (Special) to rtexit2.o(.ARM.Collect$$rtexit$$00000003) for __rt_exit_ls
    rtexit.o(.ARM.Collect$$rtexit$$00000000) refers (Special) to rtexit2.o(.ARM.Collect$$rtexit$$00000002) for __rt_exit_prels_1
    rtexit.o(.ARM.exidx) refers (Special) to rtexit2.o(.ARM.Collect$$rtexit$$00000004) for __rt_exit_exit
    rtexit.o(.ARM.exidx) refers (Special) to rtexit2.o(.ARM.Collect$$rtexit$$00000003) for __rt_exit_ls
    rtexit.o(.ARM.exidx) refers (Special) to rtexit2.o(.ARM.Collect$$rtexit$$00000002) for __rt_exit_prels_1
    rtexit.o(.ARM.exidx) refers to rtexit.o(.ARM.Collect$$rtexit$$00000000) for .ARM.Collect$$rtexit$$00000000
    libinit2.o(.ARM.Collect$$libinit$$00000010) refers to libinit2.o(.ARM.Collect$$libinit$$0000000F) for .ARM.Collect$$libinit$$0000000F
    libinit2.o(.ARM.Collect$$libinit$$00000012) refers to libinit2.o(.ARM.Collect$$libinit$$0000000F) for .ARM.Collect$$libinit$$0000000F
    libinit2.o(.ARM.Collect$$libinit$$00000014) refers to libinit2.o(.ARM.Collect$$libinit$$0000000F) for .ARM.Collect$$libinit$$0000000F
    libinit2.o(.ARM.Collect$$libinit$$00000016) refers to libinit2.o(.ARM.Collect$$libinit$$0000000F) for .ARM.Collect$$libinit$$0000000F
    libinit2.o(.ARM.Collect$$libinit$$00000018) refers to libinit2.o(.ARM.Collect$$libinit$$0000000F) for .ARM.Collect$$libinit$$0000000F
    libinit2.o(.ARM.Collect$$libinit$$00000026) refers to argv_veneer.o(.emb_text) for __ARM_argv_veneer
    libinit2.o(.ARM.Collect$$libinit$$00000027) refers to argv_veneer.o(.emb_text) for __ARM_argv_veneer
    rtexit2.o(.ARM.Collect$$rtexit$$00000003) refers to libshutdown.o(.ARM.Collect$$libshutdown$$00000000) for __rt_lib_shutdown
    rtexit2.o(.ARM.Collect$$rtexit$$00000004) refers to sys_exit.o(.text) for _sys_exit
    rtexit2.o(.ARM.exidx) refers to rtexit2.o(.ARM.Collect$$rtexit$$00000001) for .ARM.Collect$$rtexit$$00000001
    rtexit2.o(.ARM.exidx) refers to rtexit2.o(.ARM.Collect$$rtexit$$00000003) for .ARM.Collect$$rtexit$$00000003
    rtexit2.o(.ARM.exidx) refers to rtexit2.o(.ARM.Collect$$rtexit$$00000004) for .ARM.Collect$$rtexit$$00000004
    argv_veneer.o(.emb_text) refers to no_argv.o(.text) for __ARM_get_argv
    sys_exit.o(.text) refers (Special) to use_no_semi.o(.text) for __I$use$semihosting
    sys_exit.o(.text) refers (Special) to indicate_semi.o(.text) for __semihosting_library_function
    _get_argv_nomalloc.o(.text) refers (Special) to hrguard.o(.text) for __heap_region$guard
    _get_argv_nomalloc.o(.text) refers to defsig_rtmem_outer.o(.text) for __rt_SIGRTMEM
    _get_argv_nomalloc.o(.text) refers to sys_command.o(.text) for _sys_command_string
    libshutdown.o(.ARM.Collect$$libshutdown$$00000000) refers (Special) to libshutdown2.o(.ARM.Collect$$libshutdown$$00000002) for __rt_lib_shutdown_cpp_1
    libshutdown.o(.ARM.Collect$$libshutdown$$00000000) refers (Special) to libshutdown2.o(.ARM.Collect$$libshutdown$$00000007) for __rt_lib_shutdown_fp_trap_1
    libshutdown.o(.ARM.Collect$$libshutdown$$00000000) refers (Special) to libshutdown2.o(.ARM.Collect$$libshutdown$$0000000F) for __rt_lib_shutdown_heap_1
    libshutdown.o(.ARM.Collect$$libshutdown$$00000000) refers (Special) to libshutdown2.o(.ARM.Collect$$libshutdown$$00000010) for __rt_lib_shutdown_return
    libshutdown.o(.ARM.Collect$$libshutdown$$00000000) refers (Special) to libshutdown2.o(.ARM.Collect$$libshutdown$$0000000A) for __rt_lib_shutdown_signal_1
    libshutdown.o(.ARM.Collect$$libshutdown$$00000000) refers (Special) to libshutdown2.o(.ARM.Collect$$libshutdown$$00000004) for __rt_lib_shutdown_stdio_1
    libshutdown.o(.ARM.Collect$$libshutdown$$00000000) refers (Special) to libshutdown2.o(.ARM.Collect$$libshutdown$$0000000C) for __rt_lib_shutdown_user_alloc_1
    sys_command.o(.text) refers (Special) to use_no_semi.o(.text) for __I$use$semihosting
    sys_command.o(.text) refers (Special) to indicate_semi.o(.text) for __semihosting_library_function
    defsig_rtmem_outer.o(.text) refers to defsig_rtmem_inner.o(.text) for __rt_SIGRTMEM_inner
    defsig_rtmem_outer.o(.text) refers to defsig_exit.o(.text) for __sig_exit
    defsig_rtmem_formal.o(.text) refers to rt_raise.o(.text) for __rt_raise
    rt_raise.o(.text) refers to __raise.o(.text) for __raise
    rt_raise.o(.text) refers to sys_exit.o(.text) for _sys_exit
    defsig_exit.o(.text) refers to sys_exit.o(.text) for _sys_exit
    defsig_rtmem_inner.o(.text) refers to defsig_general.o(.text) for __default_signal_display
    __raise.o(.text) refers to defsig.o(CL$$defsig) for __default_signal_handler
    defsig_general.o(.text) refers to sys_wrch.o(.text) for _ttywrch
    sys_wrch.o(.text) refers (Special) to use_no_semi.o(.text) for __I$use$semihosting
    sys_wrch.o(.text) refers (Special) to indicate_semi.o(.text) for __semihosting_library_function
    defsig.o(CL$$defsig) refers to defsig_rtmem_inner.o(.text) for __rt_SIGRTMEM_inner
    defsig_abrt_inner.o(.text) refers to defsig_general.o(.text) for __default_signal_display
    defsig_fpe_inner.o(.text) refers to defsig_general.o(.text) for __default_signal_display
    defsig_rtred_inner.o(.text) refers to defsig_general.o(.text) for __default_signal_display
    defsig_stak_inner.o(.text) refers to defsig_general.o(.text) for __default_signal_display
    defsig_pvfn_inner.o(.text) refers to defsig_general.o(.text) for __default_signal_display
    defsig_cppl_inner.o(.text) refers to defsig_general.o(.text) for __default_signal_display
    defsig_segv_inner.o(.text) refers to defsig_general.o(.text) for __default_signal_display
    defsig_other.o(.text) refers to defsig_general.o(.text) for __default_signal_display


==============================================================================

Removing Unused input sections from the image.

    Removing main.o(.rev16_text), (4 bytes).
    Removing main.o(.revsh_text), (4 bytes).
    Removing main.o(.rrx_text), (6 bytes).
    Removing delay.o(.data), (4 bytes).
    Removing lcd.o(.rev16_text), (4 bytes).
    Removing lcd.o(.revsh_text), (4 bytes).
    Removing lcd.o(.rrx_text), (6 bytes).
    Removing stm32l1xx_adc.o(.rev16_text), (4 bytes).
    Removing stm32l1xx_adc.o(.revsh_text), (4 bytes).
    Removing stm32l1xx_adc.o(.rrx_text), (6 bytes).
    Removing stm32l1xx_adc.o(i.ADC_AnalogWatchdogCmd), (20 bytes).
    Removing stm32l1xx_adc.o(i.ADC_AnalogWatchdogSingleChannelConfig), (16 bytes).
    Removing stm32l1xx_adc.o(i.ADC_AnalogWatchdogThresholdsConfig), (6 bytes).
    Removing stm32l1xx_adc.o(i.ADC_AutoInjectedConvCmd), (22 bytes).
    Removing stm32l1xx_adc.o(i.ADC_BankSelection), (22 bytes).
    Removing stm32l1xx_adc.o(i.ADC_ClearITPendingBit), (10 bytes).
    Removing stm32l1xx_adc.o(i.ADC_ContinuousModeCmd), (22 bytes).
    Removing stm32l1xx_adc.o(i.ADC_DMACmd), (22 bytes).
    Removing stm32l1xx_adc.o(i.ADC_DMARequestAfterLastTransferCmd), (22 bytes).
    Removing stm32l1xx_adc.o(i.ADC_DelaySelectionConfig), (16 bytes).
    Removing stm32l1xx_adc.o(i.ADC_DiscModeChannelCountConfig), (24 bytes).
    Removing stm32l1xx_adc.o(i.ADC_DiscModeCmd), (22 bytes).
    Removing stm32l1xx_adc.o(i.ADC_EOCOnEachRegularChannelCmd), (22 bytes).
    Removing stm32l1xx_adc.o(i.ADC_ExternalTrigInjectedConvConfig), (16 bytes).
    Removing stm32l1xx_adc.o(i.ADC_ExternalTrigInjectedConvEdgeConfig), (16 bytes).
    Removing stm32l1xx_adc.o(i.ADC_GetITStatus), (38 bytes).
    Removing stm32l1xx_adc.o(i.ADC_GetInjectedConversionValue), (28 bytes).
    Removing stm32l1xx_adc.o(i.ADC_GetSoftwareStartConvStatus), (20 bytes).
    Removing stm32l1xx_adc.o(i.ADC_GetSoftwareStartInjectedConvCmdStatus), (20 bytes).
    Removing stm32l1xx_adc.o(i.ADC_ITConfig), (32 bytes).
    Removing stm32l1xx_adc.o(i.ADC_InjectedChannelConfig), (210 bytes).
    Removing stm32l1xx_adc.o(i.ADC_InjectedDiscModeCmd), (22 bytes).
    Removing stm32l1xx_adc.o(i.ADC_InjectedSequencerLengthConfig), (24 bytes).
    Removing stm32l1xx_adc.o(i.ADC_SetInjectedOffset), (20 bytes).
    Removing stm32l1xx_adc.o(i.ADC_SoftwareStartInjectedConv), (10 bytes).
    Removing stm32l1xx_adc.o(i.ADC_StructInit), (26 bytes).
    Removing stm32l1xx_adc.o(i.ADC_TempSensorVrefintCmd), (36 bytes).
    Removing stm32l1xx_dac.o(.rev16_text), (4 bytes).
    Removing stm32l1xx_dac.o(.revsh_text), (4 bytes).
    Removing stm32l1xx_dac.o(.rrx_text), (6 bytes).
    Removing stm32l1xx_dac.o(i.DAC_ClearFlag), (16 bytes).
    Removing stm32l1xx_dac.o(i.DAC_ClearITPendingBit), (16 bytes).
    Removing stm32l1xx_dac.o(i.DAC_Cmd), (40 bytes).
    Removing stm32l1xx_dac.o(i.DAC_DMACmd), (44 bytes).
    Removing stm32l1xx_dac.o(i.DAC_DeInit), (22 bytes).
    Removing stm32l1xx_dac.o(i.DAC_DualSoftwareTriggerCmd), (36 bytes).
    Removing stm32l1xx_dac.o(i.DAC_GetDataOutputValue), (36 bytes).
    Removing stm32l1xx_dac.o(i.DAC_GetFlagStatus), (32 bytes).
    Removing stm32l1xx_dac.o(i.DAC_GetITStatus), (48 bytes).
    Removing stm32l1xx_dac.o(i.DAC_ITConfig), (40 bytes).
    Removing stm32l1xx_dac.o(i.DAC_Init), (52 bytes).
    Removing stm32l1xx_dac.o(i.DAC_SetChannel1Data), (32 bytes).
    Removing stm32l1xx_dac.o(i.DAC_SetChannel2Data), (32 bytes).
    Removing stm32l1xx_dac.o(i.DAC_SetDualChannelData), (36 bytes).
    Removing stm32l1xx_dac.o(i.DAC_SoftwareTriggerCmd), (44 bytes).
    Removing stm32l1xx_dac.o(i.DAC_StructInit), (12 bytes).
    Removing stm32l1xx_dac.o(i.DAC_WaveGenerationCmd), (40 bytes).
    Removing stm32l1xx_gpio.o(.rev16_text), (4 bytes).
    Removing stm32l1xx_gpio.o(.revsh_text), (4 bytes).
    Removing stm32l1xx_gpio.o(.rrx_text), (6 bytes).
    Removing stm32l1xx_gpio.o(i.GPIO_DeInit), (144 bytes).
    Removing stm32l1xx_gpio.o(i.GPIO_PinAFConfig), (70 bytes).
    Removing stm32l1xx_gpio.o(i.GPIO_PinLockConfig), (34 bytes).
    Removing stm32l1xx_gpio.o(i.GPIO_ReadInputData), (8 bytes).
    Removing stm32l1xx_gpio.o(i.GPIO_ReadInputDataBit), (18 bytes).
    Removing stm32l1xx_gpio.o(i.GPIO_ReadOutputData), (8 bytes).
    Removing stm32l1xx_gpio.o(i.GPIO_ReadOutputDataBit), (18 bytes).
    Removing stm32l1xx_gpio.o(i.GPIO_ResetBits), (4 bytes).
    Removing stm32l1xx_gpio.o(i.GPIO_StructInit), (18 bytes).
    Removing stm32l1xx_gpio.o(i.GPIO_ToggleBits), (8 bytes).
    Removing stm32l1xx_gpio.o(i.GPIO_Write), (4 bytes).
    Removing stm32l1xx_gpio.o(i.GPIO_WriteBit), (10 bytes).
    Removing stm32l1xx_rcc.o(.rev16_text), (4 bytes).
    Removing stm32l1xx_rcc.o(.revsh_text), (4 bytes).
    Removing stm32l1xx_rcc.o(.rrx_text), (6 bytes).
    Removing stm32l1xx_rcc.o(i.RCC_AHBPeriphClockLPModeCmd), (32 bytes).
    Removing stm32l1xx_rcc.o(i.RCC_AHBPeriphResetCmd), (32 bytes).
    Removing stm32l1xx_rcc.o(i.RCC_APB1PeriphClockCmd), (32 bytes).
    Removing stm32l1xx_rcc.o(i.RCC_APB1PeriphClockLPModeCmd), (32 bytes).
    Removing stm32l1xx_rcc.o(i.RCC_APB1PeriphResetCmd), (32 bytes).
    Removing stm32l1xx_rcc.o(i.RCC_APB2PeriphClockLPModeCmd), (32 bytes).
    Removing stm32l1xx_rcc.o(i.RCC_AdjustHSICalibrationValue), (24 bytes).
    Removing stm32l1xx_rcc.o(i.RCC_AdjustMSICalibrationValue), (12 bytes).
    Removing stm32l1xx_rcc.o(i.RCC_ClearFlag), (20 bytes).
    Removing stm32l1xx_rcc.o(i.RCC_ClearITPendingBit), (12 bytes).
    Removing stm32l1xx_rcc.o(i.RCC_ClockSecuritySystemCmd), (12 bytes).
    Removing stm32l1xx_rcc.o(i.RCC_DeInit), (88 bytes).
    Removing stm32l1xx_rcc.o(i.RCC_GetClocksFreq), (252 bytes).
    Removing stm32l1xx_rcc.o(i.RCC_GetITStatus), (24 bytes).
    Removing stm32l1xx_rcc.o(i.RCC_GetSYSCLKSource), (16 bytes).
    Removing stm32l1xx_rcc.o(i.RCC_HCLKConfig), (24 bytes).
    Removing stm32l1xx_rcc.o(i.RCC_HSEConfig), (16 bytes).
    Removing stm32l1xx_rcc.o(i.RCC_ITConfig), (32 bytes).
    Removing stm32l1xx_rcc.o(i.RCC_LSEClockSecuritySystemCmd), (12 bytes).
    Removing stm32l1xx_rcc.o(i.RCC_LSEConfig), (16 bytes).
    Removing stm32l1xx_rcc.o(i.RCC_LSICmd), (12 bytes).
    Removing stm32l1xx_rcc.o(i.RCC_MCOConfig), (16 bytes).
    Removing stm32l1xx_rcc.o(i.RCC_MSICmd), (12 bytes).
    Removing stm32l1xx_rcc.o(i.RCC_MSIRangeConfig), (24 bytes).
    Removing stm32l1xx_rcc.o(i.RCC_PCLK1Config), (24 bytes).
    Removing stm32l1xx_rcc.o(i.RCC_PCLK2Config), (24 bytes).
    Removing stm32l1xx_rcc.o(i.RCC_PLLCmd), (12 bytes).
    Removing stm32l1xx_rcc.o(i.RCC_PLLConfig), (20 bytes).
    Removing stm32l1xx_rcc.o(i.RCC_RTCCLKCmd), (12 bytes).
    Removing stm32l1xx_rcc.o(i.RCC_RTCCLKConfig), (68 bytes).
    Removing stm32l1xx_rcc.o(i.RCC_RTCResetCmd), (12 bytes).
    Removing stm32l1xx_rcc.o(i.RCC_SYSCLKConfig), (24 bytes).
    Removing stm32l1xx_rcc.o(i.RCC_WaitForHSEStartUp), (56 bytes).
    Removing stm32l1xx_rcc.o(.data), (25 bytes).
    Removing system_stm32l1xx.o(.rev16_text), (4 bytes).
    Removing system_stm32l1xx.o(.revsh_text), (4 bytes).
    Removing system_stm32l1xx.o(.rrx_text), (6 bytes).
    Removing system_stm32l1xx.o(i.SystemCoreClockUpdate), (216 bytes).

113 unused section(s) (total 3097 bytes) removed from the image.

==============================================================================

Image Symbol Table

    Local Symbols

    Symbol Name                              Value     Ov Type        Size  Object(Section)

    ../clib/angel/boardlib.s                 0x00000000   Number         0  boardshut.o ABSOLUTE
    ../clib/angel/boardlib.s                 0x00000000   Number         0  boardinit3.o ABSOLUTE
    ../clib/angel/boardlib.s                 0x00000000   Number         0  boardinit2.o ABSOLUTE
    ../clib/angel/boardlib.s                 0x00000000   Number         0  boardinit1.o ABSOLUTE
    ../clib/angel/handlers.s                 0x00000000   Number         0  __scatter_zi.o ABSOLUTE
    ../clib/angel/handlers.s                 0x00000000   Number         0  __scatter_copy.o ABSOLUTE
    ../clib/angel/kernel.s                   0x00000000   Number         0  __rtentry.o ABSOLUTE
    ../clib/angel/kernel.s                   0x00000000   Number         0  __rtentry2.o ABSOLUTE
    ../clib/angel/kernel.s                   0x00000000   Number         0  rtexit2.o ABSOLUTE
    ../clib/angel/kernel.s                   0x00000000   Number         0  __rtentry4.o ABSOLUTE
    ../clib/angel/kernel.s                   0x00000000   Number         0  rtexit.o ABSOLUTE
    ../clib/angel/rt.s                       0x00000000   Number         0  rt_raise.o ABSOLUTE
    ../clib/angel/scatter.s                  0x00000000   Number         0  __scatter.o ABSOLUTE
    ../clib/angel/startup.s                  0x00000000   Number         0  __main.o ABSOLUTE
    ../clib/angel/sys.s                      0x00000000   Number         0  indicate_semi.o ABSOLUTE
    ../clib/angel/sys.s                      0x00000000   Number         0  use_no_semi.o ABSOLUTE
    ../clib/angel/sys.s                      0x00000000   Number         0  libspace.o ABSOLUTE
    ../clib/angel/sys.s                      0x00000000   Number         0  sys_stackheap_outer.o ABSOLUTE
    ../clib/angel/sysapp.c                   0x00000000   Number         0  sys_command.o ABSOLUTE
    ../clib/angel/sysapp.c                   0x00000000   Number         0  sys_exit.o ABSOLUTE
    ../clib/angel/sysapp.c                   0x00000000   Number         0  sys_wrch.o ABSOLUTE
    ../clib/armsys.c                         0x00000000   Number         0  no_argv.o ABSOLUTE
    ../clib/armsys.c                         0x00000000   Number         0  _get_argv_nomalloc.o ABSOLUTE
    ../clib/armsys.c                         0x00000000   Number         0  argv_veneer.o ABSOLUTE
    ../clib/armsys.c                         0x00000000   Number         0  argv_veneer.o ABSOLUTE
    ../clib/heapalloc.c                      0x00000000   Number         0  hrguard.o ABSOLUTE
    ../clib/heapaux.c                        0x00000000   Number         0  heapauxi.o ABSOLUTE
    ../clib/libinit.s                        0x00000000   Number         0  libinit2.o ABSOLUTE
    ../clib/libinit.s                        0x00000000   Number         0  libshutdown.o ABSOLUTE
    ../clib/libinit.s                        0x00000000   Number         0  libinit.o ABSOLUTE
    ../clib/libinit.s                        0x00000000   Number         0  libshutdown2.o ABSOLUTE
    ../clib/signal.c                         0x00000000   Number         0  defsig_exit.o ABSOLUTE
    ../clib/signal.c                         0x00000000   Number         0  defsig_other.o ABSOLUTE
    ../clib/signal.c                         0x00000000   Number         0  defsig_segv_inner.o ABSOLUTE
    ../clib/signal.c                         0x00000000   Number         0  defsig_cppl_inner.o ABSOLUTE
    ../clib/signal.c                         0x00000000   Number         0  defsig_stak_inner.o ABSOLUTE
    ../clib/signal.c                         0x00000000   Number         0  defsig_rtred_inner.o ABSOLUTE
    ../clib/signal.c                         0x00000000   Number         0  defsig_fpe_inner.o ABSOLUTE
    ../clib/signal.c                         0x00000000   Number         0  defsig_abrt_inner.o ABSOLUTE
    ../clib/signal.c                         0x00000000   Number         0  defsig_pvfn_inner.o ABSOLUTE
    ../clib/signal.c                         0x00000000   Number         0  defsig_general.o ABSOLUTE
    ../clib/signal.c                         0x00000000   Number         0  __raise.o ABSOLUTE
    ../clib/signal.c                         0x00000000   Number         0  defsig_rtmem_inner.o ABSOLUTE
    ../clib/signal.c                         0x00000000   Number         0  defsig_rtmem_outer.o ABSOLUTE
    ../clib/signal.c                         0x00000000   Number         0  defsig_rtmem_formal.o ABSOLUTE
    ../clib/signal.s                         0x00000000   Number         0  defsig.o ABSOLUTE
    ../clib/stdlib.c                         0x00000000   Number         0  exit.o ABSOLUTE
    ../fplib/fpinit.s                        0x00000000   Number         0  fpinit.o ABSOLUTE
    Libraries\STM32L1xx_StdPeriph_Driver\src\stm32l1xx_adc.c 0x00000000   Number         0  stm32l1xx_adc.o ABSOLUTE
    Libraries\STM32L1xx_StdPeriph_Driver\src\stm32l1xx_dac.c 0x00000000   Number         0  stm32l1xx_dac.o ABSOLUTE
    Libraries\STM32L1xx_StdPeriph_Driver\src\stm32l1xx_gpio.c 0x00000000   Number         0  stm32l1xx_gpio.o ABSOLUTE
    Libraries\STM32L1xx_StdPeriph_Driver\src\stm32l1xx_rcc.c 0x00000000   Number         0  stm32l1xx_rcc.o ABSOLUTE
    Libraries\\STM32L1xx_StdPeriph_Driver\\src\\stm32l1xx_adc.c 0x00000000   Number         0  stm32l1xx_adc.o ABSOLUTE
    Libraries\\STM32L1xx_StdPeriph_Driver\\src\\stm32l1xx_dac.c 0x00000000   Number         0  stm32l1xx_dac.o ABSOLUTE
    Libraries\\STM32L1xx_StdPeriph_Driver\\src\\stm32l1xx_gpio.c 0x00000000   Number         0  stm32l1xx_gpio.o ABSOLUTE
    Libraries\\STM32L1xx_StdPeriph_Driver\\src\\stm32l1xx_rcc.c 0x00000000   Number         0  stm32l1xx_rcc.o ABSOLUTE
    RTE\Device\STM32L100RC\startup_stm32l100xc.s 0x00000000   Number         0  startup_stm32l100xc.o ABSOLUTE
    RTE\Device\STM32L100RC\system_stm32l1xx.c 0x00000000   Number         0  system_stm32l1xx.o ABSOLUTE
    RTE\\Device\\STM32L100RC\\system_stm32l1xx.c 0x00000000   Number         0  system_stm32l1xx.o ABSOLUTE
    dc.s                                     0x00000000   Number         0  dc.o ABSOLUTE
    delay.c                                  0x00000000   Number         0  delay.o ABSOLUTE
    lcd.c                                    0x00000000   Number         0  lcd.o ABSOLUTE
    lcd.c                                    0x00000000   Number         0  lcd.o ABSOLUTE
    main.c                                   0x00000000   Number         0  main.o ABSOLUTE
    main.c                                   0x00000000   Number         0  main.o ABSOLUTE
    util.c                                   0x00000000   Number         0  util.o ABSOLUTE
    RESET                                    0x08000000   Section      292  startup_stm32l100xc.o(RESET)
    !!!main                                  0x08000124   Section        8  __main.o(!!!main)
    !!!scatter                               0x0800012c   Section       52  __scatter.o(!!!scatter)
    !!handler_copy                           0x08000160   Section       26  __scatter_copy.o(!!handler_copy)
    !!handler_zi                             0x0800017c   Section       28  __scatter_zi.o(!!handler_zi)
    .ARM.Collect$$libinit$$00000000          0x08000198   Section        2  libinit.o(.ARM.Collect$$libinit$$00000000)
    .ARM.Collect$$libinit$$00000002          0x0800019a   Section        0  libinit2.o(.ARM.Collect$$libinit$$00000002)
    .ARM.Collect$$libinit$$00000004          0x0800019a   Section        0  libinit2.o(.ARM.Collect$$libinit$$00000004)
    .ARM.Collect$$libinit$$0000000A          0x0800019a   Section        0  libinit2.o(.ARM.Collect$$libinit$$0000000A)
    .ARM.Collect$$libinit$$0000000C          0x0800019a   Section        0  libinit2.o(.ARM.Collect$$libinit$$0000000C)
    .ARM.Collect$$libinit$$0000000E          0x0800019a   Section        0  libinit2.o(.ARM.Collect$$libinit$$0000000E)
    .ARM.Collect$$libinit$$00000011          0x0800019a   Section        0  libinit2.o(.ARM.Collect$$libinit$$00000011)
    .ARM.Collect$$libinit$$00000013          0x0800019a   Section        0  libinit2.o(.ARM.Collect$$libinit$$00000013)
    .ARM.Collect$$libinit$$00000015          0x0800019a   Section        0  libinit2.o(.ARM.Collect$$libinit$$00000015)
    .ARM.Collect$$libinit$$00000017          0x0800019a   Section        0  libinit2.o(.ARM.Collect$$libinit$$00000017)
    .ARM.Collect$$libinit$$00000019          0x0800019a   Section        0  libinit2.o(.ARM.Collect$$libinit$$00000019)
    .ARM.Collect$$libinit$$0000001B          0x0800019a   Section        0  libinit2.o(.ARM.Collect$$libinit$$0000001B)
    .ARM.Collect$$libinit$$0000001D          0x0800019a   Section        0  libinit2.o(.ARM.Collect$$libinit$$0000001D)
    .ARM.Collect$$libinit$$0000001F          0x0800019a   Section        0  libinit2.o(.ARM.Collect$$libinit$$0000001F)
    .ARM.Collect$$libinit$$00000021          0x0800019a   Section        0  libinit2.o(.ARM.Collect$$libinit$$00000021)
    .ARM.Collect$$libinit$$00000023          0x0800019a   Section        0  libinit2.o(.ARM.Collect$$libinit$$00000023)
    .ARM.Collect$$libinit$$00000025          0x0800019a   Section        0  libinit2.o(.ARM.Collect$$libinit$$00000025)
    .ARM.Collect$$libinit$$0000002C          0x0800019a   Section        0  libinit2.o(.ARM.Collect$$libinit$$0000002C)
    .ARM.Collect$$libinit$$0000002E          0x0800019a   Section        0  libinit2.o(.ARM.Collect$$libinit$$0000002E)
    .ARM.Collect$$libinit$$00000030          0x0800019a   Section        0  libinit2.o(.ARM.Collect$$libinit$$00000030)
    .ARM.Collect$$libinit$$00000032          0x0800019a   Section        0  libinit2.o(.ARM.Collect$$libinit$$00000032)
    .ARM.Collect$$libinit$$00000033          0x0800019a   Section        2  libinit2.o(.ARM.Collect$$libinit$$00000033)
    .ARM.Collect$$libshutdown$$00000000      0x0800019c   Section        2  libshutdown.o(.ARM.Collect$$libshutdown$$00000000)
    .ARM.Collect$$libshutdown$$00000002      0x0800019e   Section        0  libshutdown2.o(.ARM.Collect$$libshutdown$$00000002)
    .ARM.Collect$$libshutdown$$00000004      0x0800019e   Section        0  libshutdown2.o(.ARM.Collect$$libshutdown$$00000004)
    .ARM.Collect$$libshutdown$$00000007      0x0800019e   Section        0  libshutdown2.o(.ARM.Collect$$libshutdown$$00000007)
    .ARM.Collect$$libshutdown$$0000000A      0x0800019e   Section        0  libshutdown2.o(.ARM.Collect$$libshutdown$$0000000A)
    .ARM.Collect$$libshutdown$$0000000C      0x0800019e   Section        0  libshutdown2.o(.ARM.Collect$$libshutdown$$0000000C)
    .ARM.Collect$$libshutdown$$0000000F      0x0800019e   Section        0  libshutdown2.o(.ARM.Collect$$libshutdown$$0000000F)
    .ARM.Collect$$libshutdown$$00000010      0x0800019e   Section        2  libshutdown2.o(.ARM.Collect$$libshutdown$$00000010)
    .ARM.Collect$$rtentry$$00000000          0x080001a0   Section        0  __rtentry.o(.ARM.Collect$$rtentry$$00000000)
    .ARM.Collect$$rtentry$$00000002          0x080001a0   Section        0  __rtentry2.o(.ARM.Collect$$rtentry$$00000002)
    .ARM.Collect$$rtentry$$00000004          0x080001a0   Section        6  __rtentry4.o(.ARM.Collect$$rtentry$$00000004)
    .ARM.Collect$$rtentry$$00000009          0x080001a6   Section        0  __rtentry2.o(.ARM.Collect$$rtentry$$00000009)
    .ARM.Collect$$rtentry$$0000000A          0x080001a6   Section        4  __rtentry2.o(.ARM.Collect$$rtentry$$0000000A)
    .ARM.Collect$$rtentry$$0000000C          0x080001aa   Section        0  __rtentry2.o(.ARM.Collect$$rtentry$$0000000C)
    .ARM.Collect$$rtentry$$0000000D          0x080001aa   Section        8  __rtentry2.o(.ARM.Collect$$rtentry$$0000000D)
    .ARM.Collect$$rtexit$$00000000           0x080001b2   Section        2  rtexit.o(.ARM.Collect$$rtexit$$00000000)
    .ARM.Collect$$rtexit$$00000002           0x080001b4   Section        0  rtexit2.o(.ARM.Collect$$rtexit$$00000002)
    .ARM.Collect$$rtexit$$00000003           0x080001b4   Section        4  rtexit2.o(.ARM.Collect$$rtexit$$00000003)
    .ARM.Collect$$rtexit$$00000004           0x080001b8   Section        6  rtexit2.o(.ARM.Collect$$rtexit$$00000004)
    .text                                    0x080001c0   Section       64  startup_stm32l100xc.o(.text)
    .text                                    0x08000200   Section        0  heapauxi.o(.text)
    .text                                    0x08000206   Section       74  sys_stackheap_outer.o(.text)
    .text                                    0x08000250   Section        0  exit.o(.text)
    .text                                    0x08000264   Section        8  libspace.o(.text)
    .text                                    0x0800026c   Section        0  sys_exit.o(.text)
    .text                                    0x08000278   Section        2  use_no_semi.o(.text)
    .text                                    0x0800027a   Section        0  indicate_semi.o(.text)
    i.ADC_ClearFlag                          0x0800027a   Section        0  stm32l1xx_adc.o(i.ADC_ClearFlag)
    i.ADC_Cmd                                0x08000280   Section        0  stm32l1xx_adc.o(i.ADC_Cmd)
    i.ADC_CommonInit                         0x08000298   Section        0  stm32l1xx_adc.o(i.ADC_CommonInit)
    i.ADC_CommonStructInit                   0x080002b4   Section        0  stm32l1xx_adc.o(i.ADC_CommonStructInit)
    i.ADC_DeInit                             0x080002bc   Section        0  stm32l1xx_adc.o(i.ADC_DeInit)
    i.ADC_GetConversionValue                 0x080002dc   Section        0  stm32l1xx_adc.o(i.ADC_GetConversionValue)
    i.ADC_GetFlagStatus                      0x080002e4   Section        0  stm32l1xx_adc.o(i.ADC_GetFlagStatus)
    i.ADC_Init                               0x080002f8   Section        0  stm32l1xx_adc.o(i.ADC_Init)
    i.ADC_PowerDownCmd                       0x0800034c   Section        0  stm32l1xx_adc.o(i.ADC_PowerDownCmd)
    i.ADC_RegularChannelConfig               0x0800035e   Section        0  stm32l1xx_adc.o(i.ADC_RegularChannelConfig)
    i.ADC_SoftwareStartConv                  0x080004b6   Section        0  stm32l1xx_adc.o(i.ADC_SoftwareStartConv)
    i.GPIO_Init                              0x080004c0   Section        0  stm32l1xx_gpio.o(i.GPIO_Init)
    i.GPIO_SetBits                           0x08000544   Section        0  stm32l1xx_gpio.o(i.GPIO_SetBits)
    i.RCC_AHBPeriphClockCmd                  0x08000548   Section        0  stm32l1xx_rcc.o(i.RCC_AHBPeriphClockCmd)
    i.RCC_APB2PeriphClockCmd                 0x08000568   Section        0  stm32l1xx_rcc.o(i.RCC_APB2PeriphClockCmd)
    i.RCC_APB2PeriphResetCmd                 0x08000588   Section        0  stm32l1xx_rcc.o(i.RCC_APB2PeriphResetCmd)
    i.RCC_GetFlagStatus                      0x080005a8   Section        0  stm32l1xx_rcc.o(i.RCC_GetFlagStatus)
    i.RCC_HSICmd                             0x080005dc   Section        0  stm32l1xx_rcc.o(i.RCC_HSICmd)
    i.SysTick_Handler                        0x080005e8   Section        0  main.o(i.SysTick_Handler)
    i.SystemInit                             0x08000600   Section        0  system_stm32l1xx.o(i.SystemInit)
    i.delay_ms                               0x08000664   Section        0  delay.o(i.delay_ms)
    i.int_to_str                             0x08000678   Section        0  util.o(i.int_to_str)
    i.lcd_clear                              0x080006be   Section        0  lcd.o(i.lcd_clear)
    i.lcd_command_write                      0x080006c8   Section        0  lcd.o(i.lcd_command_write)
    i.lcd_data_write                         0x08000740   Section        0  lcd.o(i.lcd_data_write)
    i.lcd_gotoxy                             0x080007ac   Section        0  lcd.o(i.lcd_gotoxy)
    i.lcd_init                               0x08000800   Section        0  lcd.o(i.lcd_init)
    i.lcd_putchar                            0x080008d8   Section        0  lcd.o(i.lcd_putchar)
    i.lcd_puts                               0x080008e4   Section        0  lcd.o(i.lcd_puts)
    i.main                                   0x08000904   Section        0  main.o(i.main)
    .data                                    0x20000000   Section        4  main.o(.data)
    .data                                    0x20000004   Section       29  system_stm32l1xx.o(.data)
    .bss                                     0x20000024   Section       96  libspace.o(.bss)
    HEAP                                     0x20000088   Section      512  startup_stm32l100xc.o(HEAP)
    Heap_Mem                                 0x20000088   Data         512  startup_stm32l100xc.o(HEAP)
    STACK                                    0x20000288   Section     1024  startup_stm32l100xc.o(STACK)
    Stack_Mem                                0x20000288   Data        1024  startup_stm32l100xc.o(STACK)
    __initial_sp                             0x20000688   Data           0  startup_stm32l100xc.o(STACK)

    Global Symbols

    Symbol Name                              Value     Ov Type        Size  Object(Section)

    BuildAttributes$$THM_ISAv4$P$D$K$B$S$PE$A:L22UL41UL21$X:L11$S22US41US21$IEEE1$IW$USESV6$~STKCKD$USESV7$~SHL$OSPACE$ROPI$EBA8$UX$STANDARDLIB$REQ8$PRES8$EABIv2 0x00000000   Number         0  anon$$obj.o ABSOLUTE
    __ARM_use_no_argv                        0x00000000   Number         0  main.o ABSOLUTE
    __ARM_exceptions_init                     - Undefined Weak Reference
    __alloca_initialize                       - Undefined Weak Reference
    __arm_preinit_                            - Undefined Weak Reference
    __cpp_initialize__aeabi_                  - Undefined Weak Reference
    __cxa_finalize                            - Undefined Weak Reference
    __rt_locale                               - Undefined Weak Reference
    __sigvec_lookup                           - Undefined Weak Reference
    _atexit_init                              - Undefined Weak Reference
    _call_atexit_fns                          - Undefined Weak Reference
    _clock_init                               - Undefined Weak Reference
    _fp_trap_init                             - Undefined Weak Reference
    _fp_trap_shutdown                         - Undefined Weak Reference
    _get_lc_collate                           - Undefined Weak Reference
    _get_lc_ctype                             - Undefined Weak Reference
    _get_lc_monetary                          - Undefined Weak Reference
    _get_lc_numeric                           - Undefined Weak Reference
    _get_lc_time                              - Undefined Weak Reference
    _getenv_init                              - Undefined Weak Reference
    _handle_redirection                       - Undefined Weak Reference
    _init_alloc                               - Undefined Weak Reference
    _init_user_alloc                          - Undefined Weak Reference
    _initio                                   - Undefined Weak Reference
    _rand_init                                - Undefined Weak Reference
    _signal_finish                            - Undefined Weak Reference
    _signal_init                              - Undefined Weak Reference
    _terminate_alloc                          - Undefined Weak Reference
    _terminate_user_alloc                     - Undefined Weak Reference
    _terminateio                              - Undefined Weak Reference
    __Vectors_Size                           0x00000124   Number         0  startup_stm32l100xc.o ABSOLUTE
    __Vectors                                0x08000000   Data           4  startup_stm32l100xc.o(RESET)
    __Vectors_End                            0x08000124   Data           0  startup_stm32l100xc.o(RESET)
    __main                                   0x08000125   Thumb Code     8  __main.o(!!!main)
    __scatterload                            0x0800012d   Thumb Code     0  __scatter.o(!!!scatter)
    __scatterload_rt2                        0x0800012d   Thumb Code    44  __scatter.o(!!!scatter)
    __scatterload_rt2_thumb_only             0x0800012d   Thumb Code     0  __scatter.o(!!!scatter)
    __scatterload_null                       0x0800013b   Thumb Code     0  __scatter.o(!!!scatter)
    __scatterload_copy                       0x08000161   Thumb Code    26  __scatter_copy.o(!!handler_copy)
    __scatterload_zeroinit                   0x0800017d   Thumb Code    28  __scatter_zi.o(!!handler_zi)
    __rt_lib_init                            0x08000199   Thumb Code     0  libinit.o(.ARM.Collect$$libinit$$00000000)
    __rt_lib_init_alloca_1                   0x0800019b   Thumb Code     0  libinit2.o(.ARM.Collect$$libinit$$0000002E)
    __rt_lib_init_argv_1                     0x0800019b   Thumb Code     0  libinit2.o(.ARM.Collect$$libinit$$0000002C)
    __rt_lib_init_atexit_1                   0x0800019b   Thumb Code     0  libinit2.o(.ARM.Collect$$libinit$$0000001B)
    __rt_lib_init_clock_1                    0x0800019b   Thumb Code     0  libinit2.o(.ARM.Collect$$libinit$$00000021)
    __rt_lib_init_cpp_1                      0x0800019b   Thumb Code     0  libinit2.o(.ARM.Collect$$libinit$$00000032)
    __rt_lib_init_exceptions_1               0x0800019b   Thumb Code     0  libinit2.o(.ARM.Collect$$libinit$$00000030)
    __rt_lib_init_fp_1                       0x0800019b   Thumb Code     0  libinit2.o(.ARM.Collect$$libinit$$00000002)
    __rt_lib_init_fp_trap_1                  0x0800019b   Thumb Code     0  libinit2.o(.ARM.Collect$$libinit$$0000001F)
    __rt_lib_init_getenv_1                   0x0800019b   Thumb Code     0  libinit2.o(.ARM.Collect$$libinit$$00000023)
    __rt_lib_init_heap_1                     0x0800019b   Thumb Code     0  libinit2.o(.ARM.Collect$$libinit$$0000000A)
    __rt_lib_init_lc_collate_1               0x0800019b   Thumb Code     0  libinit2.o(.ARM.Collect$$libinit$$00000011)
    __rt_lib_init_lc_ctype_1                 0x0800019b   Thumb Code     0  libinit2.o(.ARM.Collect$$libinit$$00000013)
    __rt_lib_init_lc_monetary_1              0x0800019b   Thumb Code     0  libinit2.o(.ARM.Collect$$libinit$$00000015)
    __rt_lib_init_lc_numeric_1               0x0800019b   Thumb Code     0  libinit2.o(.ARM.Collect$$libinit$$00000017)
    __rt_lib_init_lc_time_1                  0x0800019b   Thumb Code     0  libinit2.o(.ARM.Collect$$libinit$$00000019)
    __rt_lib_init_preinit_1                  0x0800019b   Thumb Code     0  libinit2.o(.ARM.Collect$$libinit$$00000004)
    __rt_lib_init_rand_1                     0x0800019b   Thumb Code     0  libinit2.o(.ARM.Collect$$libinit$$0000000E)
    __rt_lib_init_return                     0x0800019b   Thumb Code     0  libinit2.o(.ARM.Collect$$libinit$$00000033)
    __rt_lib_init_signal_1                   0x0800019b   Thumb Code     0  libinit2.o(.ARM.Collect$$libinit$$0000001D)
    __rt_lib_init_stdio_1                    0x0800019b   Thumb Code     0  libinit2.o(.ARM.Collect$$libinit$$00000025)
    __rt_lib_init_user_alloc_1               0x0800019b   Thumb Code     0  libinit2.o(.ARM.Collect$$libinit$$0000000C)
    __rt_lib_shutdown                        0x0800019d   Thumb Code     0  libshutdown.o(.ARM.Collect$$libshutdown$$00000000)
    __rt_lib_shutdown_cpp_1                  0x0800019f   Thumb Code     0  libshutdown2.o(.ARM.Collect$$libshutdown$$00000002)
    __rt_lib_shutdown_fp_trap_1              0x0800019f   Thumb Code     0  libshutdown2.o(.ARM.Collect$$libshutdown$$00000007)
    __rt_lib_shutdown_heap_1                 0x0800019f   Thumb Code     0  libshutdown2.o(.ARM.Collect$$libshutdown$$0000000F)
    __rt_lib_shutdown_return                 0x0800019f   Thumb Code     0  libshutdown2.o(.ARM.Collect$$libshutdown$$00000010)
    __rt_lib_shutdown_signal_1               0x0800019f   Thumb Code     0  libshutdown2.o(.ARM.Collect$$libshutdown$$0000000A)
    __rt_lib_shutdown_stdio_1                0x0800019f   Thumb Code     0  libshutdown2.o(.ARM.Collect$$libshutdown$$00000004)
    __rt_lib_shutdown_user_alloc_1           0x0800019f   Thumb Code     0  libshutdown2.o(.ARM.Collect$$libshutdown$$0000000C)
    __rt_entry                               0x080001a1   Thumb Code     0  __rtentry.o(.ARM.Collect$$rtentry$$00000000)
    __rt_entry_presh_1                       0x080001a1   Thumb Code     0  __rtentry2.o(.ARM.Collect$$rtentry$$00000002)
    __rt_entry_sh                            0x080001a1   Thumb Code     0  __rtentry4.o(.ARM.Collect$$rtentry$$00000004)
    __rt_entry_li                            0x080001a7   Thumb Code     0  __rtentry2.o(.ARM.Collect$$rtentry$$0000000A)
    __rt_entry_postsh_1                      0x080001a7   Thumb Code     0  __rtentry2.o(.ARM.Collect$$rtentry$$00000009)
    __rt_entry_main                          0x080001ab   Thumb Code     0  __rtentry2.o(.ARM.Collect$$rtentry$$0000000D)
    __rt_entry_postli_1                      0x080001ab   Thumb Code     0  __rtentry2.o(.ARM.Collect$$rtentry$$0000000C)
    __rt_exit                                0x080001b3   Thumb Code     0  rtexit.o(.ARM.Collect$$rtexit$$00000000)
    __rt_exit_ls                             0x080001b5   Thumb Code     0  rtexit2.o(.ARM.Collect$$rtexit$$00000003)
    __rt_exit_prels_1                        0x080001b5   Thumb Code     0  rtexit2.o(.ARM.Collect$$rtexit$$00000002)
    __rt_exit_exit                           0x080001b9   Thumb Code     0  rtexit2.o(.ARM.Collect$$rtexit$$00000004)
    Reset_Handler                            0x080001c1   Thumb Code     8  startup_stm32l100xc.o(.text)
    NMI_Handler                              0x080001c9   Thumb Code     2  startup_stm32l100xc.o(.text)
    HardFault_Handler                        0x080001cb   Thumb Code     2  startup_stm32l100xc.o(.text)
    MemManage_Handler                        0x080001cd   Thumb Code     2  startup_stm32l100xc.o(.text)
    BusFault_Handler                         0x080001cf   Thumb Code     2  startup_stm32l100xc.o(.text)
    UsageFault_Handler                       0x080001d1   Thumb Code     2  startup_stm32l100xc.o(.text)
    SVC_Handler                              0x080001d3   Thumb Code     2  startup_stm32l100xc.o(.text)
    DebugMon_Handler                         0x080001d5   Thumb Code     2  startup_stm32l100xc.o(.text)
    PendSV_Handler                           0x080001d7   Thumb Code     2  startup_stm32l100xc.o(.text)
    ADC1_IRQHandler                          0x080001db   Thumb Code     0  startup_stm32l100xc.o(.text)
    COMP_ACQ_IRQHandler                      0x080001db   Thumb Code     0  startup_stm32l100xc.o(.text)
    COMP_IRQHandler                          0x080001db   Thumb Code     0  startup_stm32l100xc.o(.text)
    DAC_IRQHandler                           0x080001db   Thumb Code     0  startup_stm32l100xc.o(.text)
    DMA1_Channel1_IRQHandler                 0x080001db   Thumb Code     0  startup_stm32l100xc.o(.text)
    DMA1_Channel2_IRQHandler                 0x080001db   Thumb Code     0  startup_stm32l100xc.o(.text)
    DMA1_Channel3_IRQHandler                 0x080001db   Thumb Code     0  startup_stm32l100xc.o(.text)
    DMA1_Channel4_IRQHandler                 0x080001db   Thumb Code     0  startup_stm32l100xc.o(.text)
    DMA1_Channel5_IRQHandler                 0x080001db   Thumb Code     0  startup_stm32l100xc.o(.text)
    DMA1_Channel6_IRQHandler                 0x080001db   Thumb Code     0  startup_stm32l100xc.o(.text)
    DMA1_Channel7_IRQHandler                 0x080001db   Thumb Code     0  startup_stm32l100xc.o(.text)
    DMA2_Channel1_IRQHandler                 0x080001db   Thumb Code     0  startup_stm32l100xc.o(.text)
    DMA2_Channel2_IRQHandler                 0x080001db   Thumb Code     0  startup_stm32l100xc.o(.text)
    DMA2_Channel3_IRQHandler                 0x080001db   Thumb Code     0  startup_stm32l100xc.o(.text)
    DMA2_Channel4_IRQHandler                 0x080001db   Thumb Code     0  startup_stm32l100xc.o(.text)
    DMA2_Channel5_IRQHandler                 0x080001db   Thumb Code     0  startup_stm32l100xc.o(.text)
    EXTI0_IRQHandler                         0x080001db   Thumb Code     0  startup_stm32l100xc.o(.text)
    EXTI15_10_IRQHandler                     0x080001db   Thumb Code     0  startup_stm32l100xc.o(.text)
    EXTI1_IRQHandler                         0x080001db   Thumb Code     0  startup_stm32l100xc.o(.text)
    EXTI2_IRQHandler                         0x080001db   Thumb Code     0  startup_stm32l100xc.o(.text)
    EXTI3_IRQHandler                         0x080001db   Thumb Code     0  startup_stm32l100xc.o(.text)
    EXTI4_IRQHandler                         0x080001db   Thumb Code     0  startup_stm32l100xc.o(.text)
    EXTI9_5_IRQHandler                       0x080001db   Thumb Code     0  startup_stm32l100xc.o(.text)
    FLASH_IRQHandler                         0x080001db   Thumb Code     0  startup_stm32l100xc.o(.text)
    I2C1_ER_IRQHandler                       0x080001db   Thumb Code     0  startup_stm32l100xc.o(.text)
    I2C1_EV_IRQHandler                       0x080001db   Thumb Code     0  startup_stm32l100xc.o(.text)
    I2C2_ER_IRQHandler                       0x080001db   Thumb Code     0  startup_stm32l100xc.o(.text)
    I2C2_EV_IRQHandler                       0x080001db   Thumb Code     0  startup_stm32l100xc.o(.text)
    LCD_IRQHandler                           0x080001db   Thumb Code     0  startup_stm32l100xc.o(.text)
    PVD_IRQHandler                           0x080001db   Thumb Code     0  startup_stm32l100xc.o(.text)
    RCC_IRQHandler                           0x080001db   Thumb Code     0  startup_stm32l100xc.o(.text)
    RTC_Alarm_IRQHandler                     0x080001db   Thumb Code     0  startup_stm32l100xc.o(.text)
    RTC_WKUP_IRQHandler                      0x080001db   Thumb Code     0  startup_stm32l100xc.o(.text)
    SPI1_IRQHandler                          0x080001db   Thumb Code     0  startup_stm32l100xc.o(.text)
    SPI2_IRQHandler                          0x080001db   Thumb Code     0  startup_stm32l100xc.o(.text)
    SPI3_IRQHandler                          0x080001db   Thumb Code     0  startup_stm32l100xc.o(.text)
    TAMPER_STAMP_IRQHandler                  0x080001db   Thumb Code     0  startup_stm32l100xc.o(.text)
    TIM10_IRQHandler                         0x080001db   Thumb Code     0  startup_stm32l100xc.o(.text)
    TIM11_IRQHandler                         0x080001db   Thumb Code     0  startup_stm32l100xc.o(.text)
    TIM2_IRQHandler                          0x080001db   Thumb Code     0  startup_stm32l100xc.o(.text)
    TIM3_IRQHandler                          0x080001db   Thumb Code     0  startup_stm32l100xc.o(.text)
    TIM4_IRQHandler                          0x080001db   Thumb Code     0  startup_stm32l100xc.o(.text)
    TIM6_IRQHandler                          0x080001db   Thumb Code     0  startup_stm32l100xc.o(.text)
    TIM7_IRQHandler                          0x080001db   Thumb Code     0  startup_stm32l100xc.o(.text)
    TIM9_IRQHandler                          0x080001db   Thumb Code     0  startup_stm32l100xc.o(.text)
    USART1_IRQHandler                        0x080001db   Thumb Code     0  startup_stm32l100xc.o(.text)
    USART2_IRQHandler                        0x080001db   Thumb Code     0  startup_stm32l100xc.o(.text)
    USART3_IRQHandler                        0x080001db   Thumb Code     0  startup_stm32l100xc.o(.text)
    USB_FS_WKUP_IRQHandler                   0x080001db   Thumb Code     0  startup_stm32l100xc.o(.text)
    USB_HP_IRQHandler                        0x080001db   Thumb Code     0  startup_stm32l100xc.o(.text)
    USB_LP_IRQHandler                        0x080001db   Thumb Code     0  startup_stm32l100xc.o(.text)
    WWDG_IRQHandler                          0x080001db   Thumb Code     0  startup_stm32l100xc.o(.text)
    __user_initial_stackheap                 0x080001dd   Thumb Code     0  startup_stm32l100xc.o(.text)
    __use_two_region_memory                  0x08000201   Thumb Code     2  heapauxi.o(.text)
    __rt_heap_escrow$2region                 0x08000203   Thumb Code     2  heapauxi.o(.text)
    __rt_heap_expand$2region                 0x08000205   Thumb Code     2  heapauxi.o(.text)
    __user_setup_stackheap                   0x08000207   Thumb Code    74  sys_stackheap_outer.o(.text)
    exit                                     0x08000251   Thumb Code    18  exit.o(.text)
    __user_libspace                          0x08000265   Thumb Code     8  libspace.o(.text)
    __user_perproc_libspace                  0x08000265   Thumb Code     0  libspace.o(.text)
    __user_perthread_libspace                0x08000265   Thumb Code     0  libspace.o(.text)
    _sys_exit                                0x0800026d   Thumb Code     8  sys_exit.o(.text)
    __I$use$semihosting                      0x08000279   Thumb Code     0  use_no_semi.o(.text)
    __use_no_semihosting_swi                 0x08000279   Thumb Code     2  use_no_semi.o(.text)
    ADC_ClearFlag                            0x0800027b   Thumb Code     6  stm32l1xx_adc.o(i.ADC_ClearFlag)
    __semihosting_library_function           0x0800027b   Thumb Code     0  indicate_semi.o(.text)
    ADC_Cmd                                  0x08000281   Thumb Code    22  stm32l1xx_adc.o(i.ADC_Cmd)
    ADC_CommonInit                           0x08000299   Thumb Code    22  stm32l1xx_adc.o(i.ADC_CommonInit)
    ADC_CommonStructInit                     0x080002b5   Thumb Code     6  stm32l1xx_adc.o(i.ADC_CommonStructInit)
    ADC_DeInit                               0x080002bd   Thumb Code    28  stm32l1xx_adc.o(i.ADC_DeInit)
    ADC_GetConversionValue                   0x080002dd   Thumb Code     8  stm32l1xx_adc.o(i.ADC_GetConversionValue)
    ADC_GetFlagStatus                        0x080002e5   Thumb Code    18  stm32l1xx_adc.o(i.ADC_GetFlagStatus)
    ADC_Init                                 0x080002f9   Thumb Code    76  stm32l1xx_adc.o(i.ADC_Init)
    ADC_PowerDownCmd                         0x0800034d   Thumb Code    18  stm32l1xx_adc.o(i.ADC_PowerDownCmd)
    ADC_RegularChannelConfig                 0x0800035f   Thumb Code   344  stm32l1xx_adc.o(i.ADC_RegularChannelConfig)
    ADC_SoftwareStartConv                    0x080004b7   Thumb Code    10  stm32l1xx_adc.o(i.ADC_SoftwareStartConv)
    GPIO_Init                                0x080004c1   Thumb Code   132  stm32l1xx_gpio.o(i.GPIO_Init)
    GPIO_SetBits                             0x08000545   Thumb Code     4  stm32l1xx_gpio.o(i.GPIO_SetBits)
    RCC_AHBPeriphClockCmd                    0x08000549   Thumb Code    26  stm32l1xx_rcc.o(i.RCC_AHBPeriphClockCmd)
    RCC_APB2PeriphClockCmd                   0x08000569   Thumb Code    26  stm32l1xx_rcc.o(i.RCC_APB2PeriphClockCmd)
    RCC_APB2PeriphResetCmd                   0x08000589   Thumb Code    26  stm32l1xx_rcc.o(i.RCC_APB2PeriphResetCmd)
    RCC_GetFlagStatus                        0x080005a9   Thumb Code    48  stm32l1xx_rcc.o(i.RCC_GetFlagStatus)
    RCC_HSICmd                               0x080005dd   Thumb Code     6  stm32l1xx_rcc.o(i.RCC_HSICmd)
    SysTick_Handler                          0x080005e9   Thumb Code    18  main.o(i.SysTick_Handler)
    SystemInit                               0x08000601   Thumb Code    82  system_stm32l1xx.o(i.SystemInit)
    delay_ms                                 0x08000665   Thumb Code    16  delay.o(i.delay_ms)
    int_to_str                               0x08000679   Thumb Code    70  util.o(i.int_to_str)
    lcd_clear                                0x080006bf   Thumb Code    10  lcd.o(i.lcd_clear)
    lcd_command_write                        0x080006c9   Thumb Code   112  lcd.o(i.lcd_command_write)
    lcd_data_write                           0x08000741   Thumb Code    98  lcd.o(i.lcd_data_write)
    lcd_gotoxy                               0x080007ad   Thumb Code    84  lcd.o(i.lcd_gotoxy)
    lcd_init                                 0x08000801   Thumb Code   206  lcd.o(i.lcd_init)
    lcd_putchar                              0x080008d9   Thumb Code    12  lcd.o(i.lcd_putchar)
    lcd_puts                                 0x080008e5   Thumb Code    32  lcd.o(i.lcd_puts)
    main                                     0x08000905   Thumb Code   584  main.o(i.main)
    Region$$Table$$Base                      0x08000bac   Number         0  anon$$obj.o(Region$$Table)
    Region$$Table$$Limit                     0x08000bcc   Number         0  anon$$obj.o(Region$$Table)
    timer_tick                               0x20000000   Data           4  main.o(.data)
    SystemCoreClock                          0x20000004   Data           4  system_stm32l1xx.o(.data)
    PLLMulTable                              0x20000008   Data           9  system_stm32l1xx.o(.data)
    AHBPrescTable                            0x20000011   Data          16  system_stm32l1xx.o(.data)
    __libspace_start                         0x20000024   Data          96  libspace.o(.bss)
    __temporary_stack_top$libspace           0x20000084   Data           0  libspace.o(.bss)



==============================================================================

Memory Map of the image

  Image Entry point : 0x080001c1

  Load Region LR_1 (Base: 0x08000000, Size: 0x00000bf0, Max: 0xffffffff, ABSOLUTE)

    Execution Region ER_RO (Exec base: 0x08000000, Load base: 0x08000000, Size: 0x00000bcc, Max: 0xffffffff, ABSOLUTE)

    Exec Addr    Load Addr    Size         Type   Attr      Idx    E Section Name        Object

    0x08000000   0x08000000   0x00000124   Data   RO          965    RESET               startup_stm32l100xc.o
    0x08000124   0x08000124   0x00000008   Code   RO         1010  * !!!main             c_w.l(__main.o)
    0x0800012c   0x0800012c   0x00000034   Code   RO         1167    !!!scatter          c_w.l(__scatter.o)
    0x08000160   0x08000160   0x0000001a   Code   RO         1169    !!handler_copy      c_w.l(__scatter_copy.o)
    0x0800017a   0x0800017a   0x00000002   PAD
    0x0800017c   0x0800017c   0x0000001c   Code   RO         1171    !!handler_zi        c_w.l(__scatter_zi.o)
    0x08000198   0x08000198   0x00000002   Code   RO         1037    .ARM.Collect$$libinit$$00000000  c_w.l(libinit.o)
    0x0800019a   0x0800019a   0x00000000   Code   RO         1044    .ARM.Collect$$libinit$$00000002  c_w.l(libinit2.o)
    0x0800019a   0x0800019a   0x00000000   Code   RO         1046    .ARM.Collect$$libinit$$00000004  c_w.l(libinit2.o)
    0x0800019a   0x0800019a   0x00000000   Code   RO         1049    .ARM.Collect$$libinit$$0000000A  c_w.l(libinit2.o)
    0x0800019a   0x0800019a   0x00000000   Code   RO         1051    .ARM.Collect$$libinit$$0000000C  c_w.l(libinit2.o)
    0x0800019a   0x0800019a   0x00000000   Code   RO         1053    .ARM.Collect$$libinit$$0000000E  c_w.l(libinit2.o)
    0x0800019a   0x0800019a   0x00000000   Code   RO         1056    .ARM.Collect$$libinit$$00000011  c_w.l(libinit2.o)
    0x0800019a   0x0800019a   0x00000000   Code   RO         1058    .ARM.Collect$$libinit$$00000013  c_w.l(libinit2.o)
    0x0800019a   0x0800019a   0x00000000   Code   RO         1060    .ARM.Collect$$libinit$$00000015  c_w.l(libinit2.o)
    0x0800019a   0x0800019a   0x00000000   Code   RO         1062    .ARM.Collect$$libinit$$00000017  c_w.l(libinit2.o)
    0x0800019a   0x0800019a   0x00000000   Code   RO         1064    .ARM.Collect$$libinit$$00000019  c_w.l(libinit2.o)
    0x0800019a   0x0800019a   0x00000000   Code   RO         1066    .ARM.Collect$$libinit$$0000001B  c_w.l(libinit2.o)
    0x0800019a   0x0800019a   0x00000000   Code   RO         1068    .ARM.Collect$$libinit$$0000001D  c_w.l(libinit2.o)
    0x0800019a   0x0800019a   0x00000000   Code   RO         1070    .ARM.Collect$$libinit$$0000001F  c_w.l(libinit2.o)
    0x0800019a   0x0800019a   0x00000000   Code   RO         1072    .ARM.Collect$$libinit$$00000021  c_w.l(libinit2.o)
    0x0800019a   0x0800019a   0x00000000   Code   RO         1074    .ARM.Collect$$libinit$$00000023  c_w.l(libinit2.o)
    0x0800019a   0x0800019a   0x00000000   Code   RO         1076    .ARM.Collect$$libinit$$00000025  c_w.l(libinit2.o)
    0x0800019a   0x0800019a   0x00000000   Code   RO         1080    .ARM.Collect$$libinit$$0000002C  c_w.l(libinit2.o)
    0x0800019a   0x0800019a   0x00000000   Code   RO         1082    .ARM.Collect$$libinit$$0000002E  c_w.l(libinit2.o)
    0x0800019a   0x0800019a   0x00000000   Code   RO         1084    .ARM.Collect$$libinit$$00000030  c_w.l(libinit2.o)
    0x0800019a   0x0800019a   0x00000000   Code   RO         1086    .ARM.Collect$$libinit$$00000032  c_w.l(libinit2.o)
    0x0800019a   0x0800019a   0x00000002   Code   RO         1087    .ARM.Collect$$libinit$$00000033  c_w.l(libinit2.o)
    0x0800019c   0x0800019c   0x00000002   Code   RO         1107    .ARM.Collect$$libshutdown$$00000000  c_w.l(libshutdown.o)
    0x0800019e   0x0800019e   0x00000000   Code   RO         1120    .ARM.Collect$$libshutdown$$00000002  c_w.l(libshutdown2.o)
    0x0800019e   0x0800019e   0x00000000   Code   RO         1122    .ARM.Collect$$libshutdown$$00000004  c_w.l(libshutdown2.o)
    0x0800019e   0x0800019e   0x00000000   Code   RO         1125    .ARM.Collect$$libshutdown$$00000007  c_w.l(libshutdown2.o)
    0x0800019e   0x0800019e   0x00000000   Code   RO         1128    .ARM.Collect$$libshutdown$$0000000A  c_w.l(libshutdown2.o)
    0x0800019e   0x0800019e   0x00000000   Code   RO         1130    .ARM.Collect$$libshutdown$$0000000C  c_w.l(libshutdown2.o)
    0x0800019e   0x0800019e   0x00000000   Code   RO         1133    .ARM.Collect$$libshutdown$$0000000F  c_w.l(libshutdown2.o)
    0x0800019e   0x0800019e   0x00000002   Code   RO         1134    .ARM.Collect$$libshutdown$$00000010  c_w.l(libshutdown2.o)
    0x080001a0   0x080001a0   0x00000000   Code   RO         1012    .ARM.Collect$$rtentry$$00000000  c_w.l(__rtentry.o)
    0x080001a0   0x080001a0   0x00000000   Code   RO         1014    .ARM.Collect$$rtentry$$00000002  c_w.l(__rtentry2.o)
    0x080001a0   0x080001a0   0x00000006   Code   RO         1026    .ARM.Collect$$rtentry$$00000004  c_w.l(__rtentry4.o)
    0x080001a6   0x080001a6   0x00000000   Code   RO         1016    .ARM.Collect$$rtentry$$00000009  c_w.l(__rtentry2.o)
    0x080001a6   0x080001a6   0x00000004   Code   RO         1017    .ARM.Collect$$rtentry$$0000000A  c_w.l(__rtentry2.o)
    0x080001aa   0x080001aa   0x00000000   Code   RO         1019    .ARM.Collect$$rtentry$$0000000C  c_w.l(__rtentry2.o)
    0x080001aa   0x080001aa   0x00000008   Code   RO         1020    .ARM.Collect$$rtentry$$0000000D  c_w.l(__rtentry2.o)
    0x080001b2   0x080001b2   0x00000002   Code   RO         1041    .ARM.Collect$$rtexit$$00000000  c_w.l(rtexit.o)
    0x080001b4   0x080001b4   0x00000000   Code   RO         1089    .ARM.Collect$$rtexit$$00000002  c_w.l(rtexit2.o)
    0x080001b4   0x080001b4   0x00000004   Code   RO         1090    .ARM.Collect$$rtexit$$00000003  c_w.l(rtexit2.o)
    0x080001b8   0x080001b8   0x00000006   Code   RO         1091    .ARM.Collect$$rtexit$$00000004  c_w.l(rtexit2.o)
    0x080001be   0x080001be   0x00000002   PAD
    0x080001c0   0x080001c0   0x00000040   Code   RO          966  * .text               startup_stm32l100xc.o
    0x08000200   0x08000200   0x00000006   Code   RO         1008    .text               c_w.l(heapauxi.o)
    0x08000206   0x08000206   0x0000004a   Code   RO         1028    .text               c_w.l(sys_stackheap_outer.o)
    0x08000250   0x08000250   0x00000012   Code   RO         1030    .text               c_w.l(exit.o)
    0x08000262   0x08000262   0x00000002   PAD
    0x08000264   0x08000264   0x00000008   Code   RO         1038    .text               c_w.l(libspace.o)
    0x0800026c   0x0800026c   0x0000000c   Code   RO         1099    .text               c_w.l(sys_exit.o)
    0x08000278   0x08000278   0x00000002   Code   RO         1110    .text               c_w.l(use_no_semi.o)
    0x0800027a   0x0800027a   0x00000000   Code   RO         1112    .text               c_w.l(indicate_semi.o)
    0x0800027a   0x0800027a   0x00000006   Code   RO          186    i.ADC_ClearFlag     stm32l1xx_adc.o
    0x08000280   0x08000280   0x00000016   Code   RO          188    i.ADC_Cmd           stm32l1xx_adc.o
    0x08000296   0x08000296   0x00000002   PAD
    0x08000298   0x08000298   0x0000001c   Code   RO          189    i.ADC_CommonInit    stm32l1xx_adc.o
    0x080002b4   0x080002b4   0x00000006   Code   RO          190    i.ADC_CommonStructInit  stm32l1xx_adc.o
    0x080002ba   0x080002ba   0x00000002   PAD
    0x080002bc   0x080002bc   0x00000020   Code   RO          194    i.ADC_DeInit        stm32l1xx_adc.o
    0x080002dc   0x080002dc   0x00000008   Code   RO          201    i.ADC_GetConversionValue  stm32l1xx_adc.o
    0x080002e4   0x080002e4   0x00000012   Code   RO          202    i.ADC_GetFlagStatus  stm32l1xx_adc.o
    0x080002f6   0x080002f6   0x00000002   PAD
    0x080002f8   0x080002f8   0x00000054   Code   RO          208    i.ADC_Init          stm32l1xx_adc.o
    0x0800034c   0x0800034c   0x00000012   Code   RO          212    i.ADC_PowerDownCmd  stm32l1xx_adc.o
    0x0800035e   0x0800035e   0x00000158   Code   RO          213    i.ADC_RegularChannelConfig  stm32l1xx_adc.o
    0x080004b6   0x080004b6   0x0000000a   Code   RO          215    i.ADC_SoftwareStartConv  stm32l1xx_adc.o
    0x080004c0   0x080004c0   0x00000084   Code   RO          617    i.GPIO_Init         stm32l1xx_gpio.o
    0x08000544   0x08000544   0x00000004   Code   RO          625    i.GPIO_SetBits      stm32l1xx_gpio.o
    0x08000548   0x08000548   0x00000020   Code   RO          718    i.RCC_AHBPeriphClockCmd  stm32l1xx_rcc.o
    0x08000568   0x08000568   0x00000020   Code   RO          724    i.RCC_APB2PeriphClockCmd  stm32l1xx_rcc.o
    0x08000588   0x08000588   0x00000020   Code   RO          726    i.RCC_APB2PeriphResetCmd  stm32l1xx_rcc.o
    0x080005a8   0x080005a8   0x00000034   Code   RO          734    i.RCC_GetFlagStatus  stm32l1xx_rcc.o
    0x080005dc   0x080005dc   0x0000000c   Code   RO          739    i.RCC_HSICmd        stm32l1xx_rcc.o
    0x080005e8   0x080005e8   0x00000018   Code   RO            4    i.SysTick_Handler   main.o
    0x08000600   0x08000600   0x00000064   Code   RO          974    i.SystemInit        system_stm32l1xx.o
    0x08000664   0x08000664   0x00000014   Code   RO           88    i.delay_ms          delay.o
    0x08000678   0x08000678   0x00000046   Code   RO          102    i.int_to_str        util.o
    0x080006be   0x080006be   0x0000000a   Code   RO          117    i.lcd_clear         lcd.o
    0x080006c8   0x080006c8   0x00000078   Code   RO          118    i.lcd_command_write  lcd.o
    0x08000740   0x08000740   0x0000006c   Code   RO          119    i.lcd_data_write    lcd.o
    0x080007ac   0x080007ac   0x00000054   Code   RO          120    i.lcd_gotoxy        lcd.o
    0x08000800   0x08000800   0x000000d8   Code   RO          121    i.lcd_init          lcd.o
    0x080008d8   0x080008d8   0x0000000c   Code   RO          122    i.lcd_putchar       lcd.o
    0x080008e4   0x080008e4   0x00000020   Code   RO          123    i.lcd_puts          lcd.o
    0x08000904   0x08000904   0x000002a8   Code   RO            5    i.main              main.o
    0x08000bac   0x08000bac   0x00000020   Data   RO         1165    Region$$Table       anon$$obj.o


    Execution Region ER_RW (Exec base: 0x20000000, Load base: 0x08000bcc, Size: 0x00000024, Max: 0xffffffff, ABSOLUTE)

    Exec Addr    Load Addr    Size         Type   Attr      Idx    E Section Name        Object

    0x20000000   0x08000bcc   0x00000004   Data   RW            6    .data               main.o
    0x20000004   0x08000bd0   0x0000001d   Data   RW          975    .data               system_stm32l1xx.o


    Execution Region ER_ZI (Exec base: 0x20000024, Load base: 0x08000bf0, Size: 0x00000664, Max: 0xffffffff, ABSOLUTE)

    Exec Addr    Load Addr    Size         Type   Attr      Idx    E Section Name        Object

    0x20000024        -       0x00000060   Zero   RW         1039    .bss                c_w.l(libspace.o)
    0x20000084   0x08000bf0   0x00000004   PAD
    0x20000088        -       0x00000200   Zero   RW          964    HEAP                startup_stm32l100xc.o
    0x20000288        -       0x00000400   Zero   RW          963    STACK               startup_stm32l100xc.o


==============================================================================

Image component sizes


      Code (inc. data)   RO Data    RW Data    ZI Data      Debug   Object Name

        20          4          0          0          0        423   delay.o
       582         28          0          0          0       3582   lcd.o
       704        102          0          4          0     210117   main.o
        64         26        292          0       1536        808   startup_stm32l100xc.o
       576         18          0          0          0       8109   stm32l1xx_adc.o
       136          0          0          0          0       1799   stm32l1xx_gpio.o
       160         28          0          0          0       2935   stm32l1xx_rcc.o
       100         18          0         29          0       1257   system_stm32l1xx.o
        70          0          0          0          0        673   util.o

    ----------------------------------------------------------------------
      2418        224        324         36       1536     229703   Object Totals
         0          0         32          0          0          0   (incl. Generated)
         6          0          0          3          0          0   (incl. Padding)

    ----------------------------------------------------------------------

      Code (inc. data)   RO Data    RW Data    ZI Data      Debug   Library Member Name

         8          0          0          0          0         68   __main.o
         0          0          0          0          0          0   __rtentry.o
        12          0          0          0          0          0   __rtentry2.o
         6          0          0          0          0          0   __rtentry4.o
        52          8          0          0          0          0   __scatter.o
        26          0          0          0          0          0   __scatter_copy.o
        28          0          0          0          0          0   __scatter_zi.o
        18          0          0          0          0         80   exit.o
         6          0          0          0          0        152   heapauxi.o
         0          0          0          0          0          0   indicate_semi.o
         2          0          0          0          0          0   libinit.o
         2          0          0          0          0          0   libinit2.o
         2          0          0          0          0          0   libshutdown.o
         2          0          0          0          0          0   libshutdown2.o
         8          4          0          0         96         68   libspace.o
         2          0          0          0          0          0   rtexit.o
        10          0          0          0          0          0   rtexit2.o
        12          4          0          0          0         68   sys_exit.o
        74          0          0          0          0         80   sys_stackheap_outer.o
         2          0          0          0          0         68   use_no_semi.o

    ----------------------------------------------------------------------
       278         16          0          0        100        584   Library Totals
         6          0          0          0          4          0   (incl. Padding)

    ----------------------------------------------------------------------

      Code (inc. data)   RO Data    RW Data    ZI Data      Debug   Library Name

       272         16          0          0         96        584   c_w.l

    ----------------------------------------------------------------------
       278         16          0          0        100        584   Library Totals

    ----------------------------------------------------------------------

==============================================================================


      Code (inc. data)   RO Data    RW Data    ZI Data      Debug   

      2696        240        324         36       1636     228723   Grand Totals
      2696        240        324         36       1636     228723   ELF Image Totals
      2696        240        324         36          0          0   ROM Totals

==============================================================================

    Total RO  Size (Code + RO Data)                 3020 (   2.95kB)
    Total RW  Size (RW Data + ZI Data)              1672 (   1.63kB)
    Total ROM Size (Code + RO Data + RW Data)       3056 (   2.98kB)

==============================================================================

