Component: ARM Compiler 5.06 update 5 (build 528) Tool: armlink [4d35e2]

==============================================================================

Section Cross References

    at_cmd.o(i.at_direct_send) refers to usart.o(i.usart2_flush_queue) for usart2_flush_queue
    at_cmd.o(i.at_direct_send) refers to usart.o(i.usart2_puts) for usart2_puts
    at_cmd.o(i.at_send_dummy) refers to usart.o(i.usart2_puts) for usart2_puts
    at_cmd.o(i.at_send_receive) refers to strlen.o(.text) for strlen
    at_cmd.o(i.at_send_receive) refers to usart.o(i.usart2_flush_queue) for usart2_flush_queue
    at_cmd.o(i.at_send_receive) refers to usart.o(i.usart2_puts) for usart2_puts
    at_cmd.o(i.at_send_receive) refers to at_cmd.o(i.at_wait_till_double_newline) for at_wait_till_double_newline
    at_cmd.o(i.at_send_receive) refers to usart.o(i.usart2_getch) for usart2_getch
    at_cmd.o(i.at_send_receive) refers to strncmp.o(.text) for strncmp
    at_cmd.o(i.at_wait_till_double_newline) refers to usart.o(i.usart2_getch) for usart2_getch
    delay.o(i.delay_ms) refers to main.o(.data) for timer_tick
    stm32l1xx_gpio1.o(i.GPIO_DeInit) refers to stm32l1xx_rcc1.o(i.RCC_AHBPeriphResetCmd) for RCC_AHBPeriphResetCmd
    stm32l1xx_rcc1.o(i.RCC_GetClocksFreq) refers to stm32l1xx_rcc1.o(.data) for PLLMulTable
    stm32l1xx_rcc1.o(i.RCC_WaitForHSEStartUp) refers to stm32l1xx_rcc1.o(i.RCC_GetFlagStatus) for RCC_GetFlagStatus
    stm32l1xx_usart1.o(i.USART_DeInit) refers to stm32l1xx_rcc1.o(i.RCC_APB2PeriphResetCmd) for RCC_APB2PeriphResetCmd
    stm32l1xx_usart1.o(i.USART_DeInit) refers to stm32l1xx_rcc1.o(i.RCC_APB1PeriphResetCmd) for RCC_APB1PeriphResetCmd
    stm32l1xx_usart1.o(i.USART_Init) refers to stm32l1xx_rcc1.o(i.RCC_GetClocksFreq) for RCC_GetClocksFreq
    usart.o(i.USART1_IRQHandler) refers to stm32l1xx_usart1.o(i.USART_GetITStatus) for USART_GetITStatus
    usart.o(i.USART1_IRQHandler) refers to stm32l1xx_usart1.o(i.USART_ReceiveData) for USART_ReceiveData
    usart.o(i.USART1_IRQHandler) refers to stm32l1xx_usart1.o(i.USART_SendData) for USART_SendData
    usart.o(i.USART1_IRQHandler) refers to stm32l1xx_usart1.o(i.USART_GetFlagStatus) for USART_GetFlagStatus
    usart.o(i.USART2_IRQHandler) refers to stm32l1xx_usart1.o(i.USART_GetITStatus) for USART_GetITStatus
    usart.o(i.USART2_IRQHandler) refers to stm32l1xx_usart1.o(i.USART_ReceiveData) for USART_ReceiveData
    usart.o(i.USART2_IRQHandler) refers to usart.o(.data) for usart2_buffer_write_index
    usart.o(i.USART2_IRQHandler) refers to usart.o(.bss) for usart2_data_buffer
    usart.o(i.usart1_getch) refers to stm32l1xx_usart1.o(i.USART_GetFlagStatus) for USART_GetFlagStatus
    usart.o(i.usart1_getch) refers to stm32l1xx_usart1.o(i.USART_ReceiveData) for USART_ReceiveData
    usart.o(i.usart1_init) refers to stm32l1xx_gpio1.o(i.GPIO_PinAFConfig) for GPIO_PinAFConfig
    usart.o(i.usart1_init) refers to stm32l1xx_gpio1.o(i.GPIO_Init) for GPIO_Init
    usart.o(i.usart1_init) refers to stm32l1xx_usart1.o(i.USART_Init) for USART_Init
    usart.o(i.usart1_init) refers to stm32l1xx_usart1.o(i.USART_Cmd) for USART_Cmd
    usart.o(i.usart1_putch) refers to stm32l1xx_usart1.o(i.USART_GetFlagStatus) for USART_GetFlagStatus
    usart.o(i.usart1_putch) refers to stm32l1xx_usart1.o(i.USART_SendData) for USART_SendData
    usart.o(i.usart1_puti) refers to util.o(i.int_to_str) for int_to_str
    usart.o(i.usart1_puti) refers to usart.o(i.usart1_puts) for usart1_puts
    usart.o(i.usart1_puts) refers to usart.o(i.usart1_putch) for usart1_putch
    usart.o(i.usart1_rcv_interrupt_en) refers to stm32l1xx_usart1.o(i.USART_ITConfig) for USART_ITConfig
    usart.o(i.usart1_rcv_interrupt_en) refers to misc1.o(i.NVIC_Init) for NVIC_Init
    usart.o(i.usart2_flush_queue) refers to usart.o(.data) for usart2_buffer_write_index
    usart.o(i.usart2_getch) refers to stm32l1xx_usart1.o(i.USART_GetFlagStatus) for USART_GetFlagStatus
    usart.o(i.usart2_getch) refers to stm32l1xx_usart1.o(i.USART_ReceiveData) for USART_ReceiveData
    usart.o(i.usart2_init) refers to stm32l1xx_gpio1.o(i.GPIO_PinAFConfig) for GPIO_PinAFConfig
    usart.o(i.usart2_init) refers to stm32l1xx_gpio1.o(i.GPIO_Init) for GPIO_Init
    usart.o(i.usart2_init) refers to stm32l1xx_usart1.o(i.USART_Init) for USART_Init
    usart.o(i.usart2_init) refers to usart.o(i.usart2_rcv_interrupt_en) for usart2_rcv_interrupt_en
    usart.o(i.usart2_init) refers to stm32l1xx_usart1.o(i.USART_Cmd) for USART_Cmd
    usart.o(i.usart2_putch) refers to stm32l1xx_usart1.o(i.USART_GetFlagStatus) for USART_GetFlagStatus
    usart.o(i.usart2_putch) refers to stm32l1xx_usart1.o(i.USART_SendData) for USART_SendData
    usart.o(i.usart2_puti) refers to util.o(i.int_to_str) for int_to_str
    usart.o(i.usart2_puti) refers to usart.o(i.usart2_puts) for usart2_puts
    usart.o(i.usart2_puts) refers to usart.o(i.usart2_putch) for usart2_putch
    usart.o(i.usart2_puts) refers to delay.o(i.delay_ms) for delay_ms
[...]
    __rtentry2.o(.ARM.Collect$$rtentry$$0000000B) refers to boardinit3.o(.text) for _platform_post_lib_init
    __rtentry2.o(.ARM.Collect$$rtentry$$0000000D) refers to main.o(i.main) for main
    __rtentry2.o(.ARM.Collect$$rtentry$$0000000D) refers to exit.o(.text) for exit
    __rtentry2.o(.ARM.exidx) refers to __rtentry2.o(.ARM.Collect$$rtentry$$00000001) for .ARM.Collect$$rtentry$$00000001
    __rtentry2.o(.ARM.exidx) refers to __rtentry2.o(.ARM.Collect$$rtentry$$00000008) for .ARM.Collect$$rtentry$$00000008
    __rtentry2.o(.ARM.exidx) refers to __rtentry2.o(.ARM.Collect$$rtentry$$0000000A) for .ARM.Collect$$rtentry$$0000000A
    __rtentry2.o(.ARM.exidx) refers to __rtentry2.o(.ARM.Collect$$rtentry$$0000000B) for .ARM.Collect$$rtentry$$0000000B
    __rtentry2.o(.ARM.exidx) refers to __rtentry2.o(.ARM.Collect$$rtentry$$0000000D) for .ARM.Collect$$rtentry$$0000000D
    __rtentry4.o(.ARM.Collect$$rtentry$$00000004) refers to sys_stackheap_outer.o(.text) for __user_setup_stackheap
    __rtentry4.o(.ARM.exidx) refers to __rtentry4.o(.ARM.Collect$$rtentry$$00000004) for .ARM.Collect$$rtentry$$00000004
    maybetermalloc2.o(.emb_text) refers (Special) to term_alloc.o(.text) for _terminate_alloc
    h1_extend.o(.text) refers to h1_free.o(.text) for free
    h1_extend_mt.o(.text) refers to h1_free_mt.o(.text) for _free_internal
    defsig_rtmem_outer.o(.text) refers to defsig_rtmem_inner.o(.text) for __rt_SIGRTMEM_inner
    defsig_rtmem_outer.o(.text) refers to defsig_exit.o(.text) for __sig_exit
    defsig_rtmem_formal.o(.text) refers to rt_raise.o(.text) for __rt_raise
    heapauxa.o(.text) refers to heapauxa.o(.data) for .data
    argv_veneer.o(.emb_text) refers to no_argv.o(.text) for __ARM_get_argv
    sys_stackheap_outer.o(.text) refers to libspace.o(.text) for __user_perproc_libspace
    sys_stackheap_outer.o(.text) refers to startup_stm32l100xc.o(.text) for __user_initial_stackheap
    rt_raise.o(.text) refers to __raise.o(.text) for __raise
    rt_raise.o(.text) refers to sys_exit.o(.text) for _sys_exit
    term_alloc.o(.text) refers (Special) to libshutdown2.o(.ARM.Collect$$libshutdown$$0000000E) for __rt_lib_shutdown_heap_2
    term_alloc.o(.text) refers to rt_heap_descriptor_intlibspace.o(.text) for __rt_heap_descriptor
    term_alloc.o(.text) refers to h1_final.o(.text) for __Heap_Finalize
    exit.o(.text) refers to rtexit.o(.ARM.Collect$$rtexit$$00000000) for __rt_exit
    defsig_exit.o(.text) refers to sys_exit.o(.text) for _sys_exit
    defsig_rtmem_inner.o(.text) refers to defsig_general.o(.text) for __default_signal_display
    _get_argv_nomalloc.o(.text) refers (Special) to hrguard.o(.text) for __heap_region$guard
    _get_argv_nomalloc.o(.text) refers to defsig_rtmem_outer.o(.text) for __rt_SIGRTMEM
    _get_argv_nomalloc.o(.text) refers to sys_command.o(.text) for _sys_command_string
    libinit.o(.ARM.Collect$$libinit$$00000000) refers (Special) to libinit2.o(.ARM.Collect$$libinit$$0000002E) for __rt_lib_init_alloca_1
    libinit.o(.ARM.Collect$$libinit$$00000000) refers (Special) to libinit2.o(.ARM.Collect$$libinit$$0000002C) for __rt_lib_init_argv_1
    libinit.o(.ARM.Collect$$libinit$$00000000) refers (Special) to libinit2.o(.ARM.Collect$$libinit$$0000001B) for __rt_lib_init_atexit_1
    libinit.o(.ARM.Collect$$libinit$$00000000) refers (Special) to libinit2.o(.ARM.Collect$$libinit$$00000021) for __rt_lib_init_clock_1
    libinit.o(.ARM.Collect$$libinit$$00000000) refers (Special) to libinit2.o(.ARM.Collect$$libinit$$00000032) for __rt_lib_init_cpp_1
    libinit.o(.ARM.Collect$$libinit$$00000000) refers (Special) to libinit2.o(.ARM.Collect$$libinit$$00000030) for __rt_lib_init_exceptions_1
    libinit.o(.ARM.Collect$$libinit$$00000000) refers (Special) to libinit2.o(.ARM.Collect$$libinit$$00000002) for __rt_lib_init_fp_1
    libinit.o(.ARM.Collect$$libinit$$00000000) refers (Special) to libinit2.o(.ARM.Collect$$libinit$$0000001F) for __rt_lib_init_fp_trap_1
    libinit.o(.ARM.Collect$$libinit$$00000000) refers (Special) to libinit2.o(.ARM.Collect$$libinit$$00000023) for __rt_lib_init_getenv_1
    libinit.o(.ARM.Collect$$libinit$$00000000) refers (Special) to libinit2.o(.ARM.Collect$$libinit$$0000000A) for __rt_lib_init_heap_1
    libinit.o(.ARM.Collect$$libinit$$00000000) refers (Special) to libinit2.o(.ARM.Collect$$libinit$$00000011) for __rt_lib_init_lc_collate_1
    libinit.o(.ARM.Collect$$libinit$$00000000) refers (Special) to libinit2.o(.ARM.Collect$$libinit$$00000013) for __rt_lib_init_lc_ctype_1
    libinit.o(.ARM.Collect$$libinit$$00000000) refers (Special) to libinit2.o(.ARM.Collect$$libinit$$00000015) for __rt_lib_init_lc_monetary_1
    libinit.o(.ARM.Collect$$libinit$$00000000) refers (Special) to libinit2.o(.ARM.Collect$$libinit$$00000017) for __rt_lib_init_lc_numeric_1
    libinit.o(.ARM.Collect$$libinit$$00000000) refers (Special) to libinit2.o(.ARM.Collect$$libinit$$00000019) for __rt_lib_init_lc_time_1
    libinit.o(.ARM.Collect$$libinit$$00000000) refers (Special) to libinit2.o(.ARM.Collect$$libinit$$00000004) for __rt_lib_init_preinit_1
    libinit.o(.ARM.Collect$$libinit$$00000000) refers (Special) to libinit2.o(.ARM.Collect$$libinit$$0000000E) for __rt_lib_init_rand_1
    libinit.o(.ARM.Collect$$libinit$$00000000) refers (Special) to libinit2.o(.ARM.Collect$$libinit$$00000033) for __rt_lib_init_return
    libinit.o(.ARM.Collect$$libinit$$00000000) refers (Special) to libinit2.o(.ARM.Collect$$libinit$$0000001D) for __rt_lib_init_signal_1
    libinit.o(.ARM.Collect$$libinit$$00000000) refers (Special) to libinit2.o(.ARM.Collect$$libinit$$00000025) for __rt_lib_init_stdio_1
    libinit.o(.ARM.Collect$$libinit$$00000000) refers (Special) to libinit2.o(.ARM.Collect$$libinit$$0000000C) for __rt_lib_init_user_alloc_1
    sys_exit.o(.text) refers (Special) to use_no_semi.o(.text) for __I$use$semihosting
    sys_exit.o(.text) refers (Special) to indicate_semi.o(.text) for __semihosting_library_function
    rtexit.o(.ARM.Collect$$rtexit$$00000000) refers (Special) to rtexit2.o(.ARM.Collect$$rtexit$$00000004) for __rt_exit_exit
    rtexit.o(.ARM.Collect$$rtexit$$00000000) refers (Special) to rtexit2.o(.ARM.Collect$$rtexit$$00000003) for __rt_exit_ls
    rtexit.o(.ARM.Collect$$rtexit$$00000000) refers (Special) to rtexit2.o(.ARM.Collect$$rtexit$$00000002) for __rt_exit_prels_1
    rtexit.o(.ARM.exidx) refers (Special) to rtexit2.o(.ARM.Collect$$rtexit$$00000004) for __rt_exit_exit
    rtexit.o(.ARM.exidx) refers (Special) to rtexit2.o(.ARM.Collect$$rtexit$$00000003) for __rt_exit_ls
    rtexit.o(.ARM.exidx) refers (Special) to rtexit2.o(.ARM.Collect$$rtexit$$00000002) for __rt_exit_prels_1
    rtexit.o(.ARM.exidx) refers to rtexit.o(.ARM.Collect$$rtexit$$00000000) for .ARM.Collect$$rtexit$$00000000
    __raise.o(.text) refers to defsig.o(CL$$defsig) for __default_signal_handler
    defsig_general.o(.text) refers to sys_wrch.o(.text) for _ttywrch
    libshutdown2.o(.ARM.Collect$$libshutdown$$0000000D) refers (Weak) to term_alloc.o(.text) for _terminate_alloc
    sys_wrch.o(.text) refers (Special) to use_no_semi.o(.text) for __I$use$semihosting
    sys_wrch.o(.text) refers (Special) to indicate_semi.o(.text) for __semihosting_library_function
    rtexit2.o(.ARM.Collect$$rtexit$$00000003) refers to libshutdown.o(.ARM.Collect$$libshutdown$$00000000) for __rt_lib_shutdown
    rtexit2.o(.ARM.Collect$$rtexit$$00000004) refers to sys_exit.o(.text) for _sys_exit
    rtexit2.o(.ARM.exidx) refers to rtexit2.o(.ARM.Collect$$rtexit$$00000001) for .ARM.Collect$$rtexit$$00000001
    rtexit2.o(.ARM.exidx) refers to rtexit2.o(.ARM.Collect$$rtexit$$00000003) for .ARM.Collect$$rtexit$$00000003
    rtexit2.o(.ARM.exidx) refers to rtexit2.o(.ARM.Collect$$rtexit$$00000004) for .ARM.Collect$$rtexit$$00000004
    defsig.o(CL$$defsig) refers to defsig_rtmem_inner.o(.text) for __rt_SIGRTMEM_inner
    defsig_abrt_inner.o(.text) refers to defsig_general.o(.text) for __default_signal_display
    defsig_fpe_inner.o(.text) refers to defsig_general.o(.text) for __default_signal_display
    defsig_rtred_inner.o(.text) refers to defsig_general.o(.text) for __default_signal_display
    defsig_stak_inner.o(.text) refers to defsig_general.o(.text) for __default_signal_display
    defsig_pvfn_inner.o(.text) refers to defsig_general.o(.text) for __default_signal_display
    defsig_cppl_inner.o(.text) refers to defsig_general.o(.text) for __default_signal_display
    defsig_segv_inner.o(.text) refers to defsig_general.o(.text) for __default_signal_display
    defsig_other.o(.text) refers to defsig_general.o(.text) for __default_signal_display
    libshutdown.o(.ARM.Collect$$libshutdown$$00000000) refers (Special) to libshutdown2.o(.ARM.Collect$$libshutdown$$00000002) for __rt_lib_shutdown_cpp_1
    libshutdown.o(.ARM.Collect$$libshutdown$$00000000) refers (Special) to libshutdown2.o(.ARM.Collect$$libshutdown$$00000007) for __rt_lib_shutdown_fp_trap_1
    libshutdown.o(.ARM.Collect$$libshutdown$$00000000) refers (Special) to libshutdown2.o(.ARM.Collect$$libshutdown$$0000000F) for __rt_lib_shutdown_heap_1
    libshutdown.o(.ARM.Collect$$libshutdown$$00000000) refers (Special) to libshutdown2.o(.ARM.Collect$$libshutdown$$00000010) for __rt_lib_shutdown_return
    libshutdown.o(.ARM.Collect$$libshutdown$$00000000) refers (Special) to libshutdown2.o(.ARM.Collect$$libshutdown$$0000000A) for __rt_lib_shutdown_signal_1
    libshutdown.o(.ARM.Collect$$libshutdown$$00000000) refers (Special) to libshutdown2.o(.ARM.Collect$$libshutdown$$00000004) for __rt_lib_shutdown_stdio_1
    libshutdown.o(.ARM.Collect$$libshutdown$$00000000) refers (Special) to libshutdown2.o(.ARM.Collect$$libshutdown$$0000000C) for __rt_lib_shutdown_user_alloc_1


==============================================================================

Removing Unused input sections from the image.

    Removing at_cmd.o(.rev16_text), (4 bytes).
    Removing at_cmd.o(.revsh_text), (4 bytes).
    Removing at_cmd.o(.rrx_text), (6 bytes).
    Removing at_cmd.o(i.at_send_dummy), (20 bytes).
    Removing at_cmd.o(.bss), (128 bytes).
    Removing delay.o(.data), (4 bytes).
    Removing stm32l1xx_gpio1.o(.rev16_text), (4 bytes).
    Removing stm32l1xx_gpio1.o(.revsh_text), (4 bytes).
    Removing stm32l1xx_gpio1.o(.rrx_text), (6 bytes).
    Removing stm32l1xx_gpio1.o(i.GPIO_DeInit), (116 bytes).
    Removing stm32l1xx_gpio1.o(i.GPIO_PinLockConfig), (34 bytes).
    Removing stm32l1xx_gpio1.o(i.GPIO_ReadInputData), (8 bytes).
    Removing stm32l1xx_gpio1.o(i.GPIO_ReadInputDataBit), (18 bytes).
    Removing stm32l1xx_gpio1.o(i.GPIO_ReadOutputData), (8 bytes).
    Removing stm32l1xx_gpio1.o(i.GPIO_ReadOutputDataBit), (18 bytes).
    Removing stm32l1xx_gpio1.o(i.GPIO_ResetBits), (4 bytes).
    Removing stm32l1xx_gpio1.o(i.GPIO_SetBits), (4 bytes).
    Removing stm32l1xx_gpio1.o(i.GPIO_StructInit), (18 bytes).
    Removing stm32l1xx_gpio1.o(i.GPIO_ToggleBits), (8 bytes).
    Removing stm32l1xx_gpio1.o(i.GPIO_Write), (4 bytes).
    Removing stm32l1xx_gpio1.o(i.GPIO_WriteBit), (10 bytes).
    Removing stm32l1xx_rcc1.o(.rev16_text), (4 bytes).
    Removing stm32l1xx_rcc1.o(.revsh_text), (4 bytes).
    Removing stm32l1xx_rcc1.o(.rrx_text), (6 bytes).
    Removing stm32l1xx_rcc1.o(i.RCC_AHBPeriphClockCmd), (32 bytes).
    Removing stm32l1xx_rcc1.o(i.RCC_AHBPeriphClockLPModeCmd), (32 bytes).
    Removing stm32l1xx_rcc1.o(i.RCC_AHBPeriphResetCmd), (32 bytes).
    Removing stm32l1xx_rcc1.o(i.RCC_APB1PeriphClockCmd), (32 bytes).
    Removing stm32l1xx_rcc1.o(i.RCC_APB1PeriphClockLPModeCmd), (32 bytes).
    Removing stm32l1xx_rcc1.o(i.RCC_APB1PeriphResetCmd), (32 bytes).
    Removing stm32l1xx_rcc1.o(i.RCC_APB2PeriphClockCmd), (32 bytes).
    Removing stm32l1xx_rcc1.o(i.RCC_APB2PeriphClockLPModeCmd), (32 bytes).
    Removing stm32l1xx_rcc1.o(i.RCC_APB2PeriphResetCmd), (32 bytes).
    Removing stm32l1xx_rcc1.o(i.RCC_AdjustHSICalibrationValue), (24 bytes).
    Removing stm32l1xx_rcc1.o(i.RCC_AdjustMSICalibrationValue), (12 bytes).
    Removing stm32l1xx_rcc1.o(i.RCC_ClearFlag), (20 bytes).
    Removing stm32l1xx_rcc1.o(i.RCC_ClearITPendingBit), (12 bytes).
    Removing stm32l1xx_rcc1.o(i.RCC_ClockSecuritySystemCmd), (12 bytes).
    Removing stm32l1xx_rcc1.o(i.RCC_DeInit), (88 bytes).
    Removing stm32l1xx_rcc1.o(i.RCC_GetFlagStatus), (52 bytes).
    Removing stm32l1xx_rcc1.o(i.RCC_GetITStatus), (24 bytes).
    Removing stm32l1xx_rcc1.o(i.RCC_GetSYSCLKSource), (16 bytes).
    Removing stm32l1xx_rcc1.o(i.RCC_HCLKConfig), (24 bytes).
    Removing stm32l1xx_rcc1.o(i.RCC_HSEConfig), (16 bytes).
    Removing stm32l1xx_rcc1.o(i.RCC_HSICmd), (12 bytes).
    Removing stm32l1xx_rcc1.o(i.RCC_ITConfig), (32 bytes).
    Removing stm32l1xx_rcc1.o(i.RCC_LSEClockSecuritySystemCmd), (12 bytes).
    Removing stm32l1xx_rcc1.o(i.RCC_LSEConfig), (16 bytes).
    Removing stm32l1xx_rcc1.o(i.RCC_LSICmd), (12 bytes).
    Removing stm32l1xx_rcc1.o(i.RCC_MCOConfig), (16 bytes).
    Removing stm32l1xx_rcc1.o(i.RCC_MSICmd), (12 bytes).
    Removing stm32l1xx_rcc1.o(i.RCC_MSIRangeConfig), (24 bytes).
    Removing stm32l1xx_rcc1.o(i.RCC_PCLK1Config), (24 bytes).
    Removing stm32l1xx_rcc1.o(i.RCC_PCLK2Config), (24 bytes).
    Removing stm32l1xx_rcc1.o(i.RCC_PLLCmd), (12 bytes).
    Removing stm32l1xx_rcc1.o(i.RCC_PLLConfig), (20 bytes).
    Removing stm32l1xx_rcc1.o(i.RCC_RTCCLKCmd), (12 bytes).
    Removing stm32l1xx_rcc1.o(i.RCC_RTCCLKConfig), (68 bytes).
    Removing stm32l1xx_rcc1.o(i.RCC_RTCResetCmd), (12 bytes).
    Removing stm32l1xx_rcc1.o(i.RCC_SYSCLKConfig), (24 bytes).
    Removing stm32l1xx_rcc1.o(i.RCC_WaitForHSEStartUp), (56 bytes).
    Removing stm32l1xx_usart1.o(.rev16_text), (4 bytes).
    Removing stm32l1xx_usart1.o(.revsh_text), (4 bytes).
    Removing stm32l1xx_usart1.o(.rrx_text), (6 bytes).
    Removing stm32l1xx_usart1.o(i.USART_ClearFlag), (20 bytes).
    Removing stm32l1xx_usart1.o(i.USART_ClearITPendingBit), (32 bytes).
    Removing stm32l1xx_usart1.o(i.USART_ClockInit), (32 bytes).
    Removing stm32l1xx_usart1.o(i.USART_ClockStructInit), (12 bytes).
    Removing stm32l1xx_usart1.o(i.USART_DMACmd), (24 bytes).
    Removing stm32l1xx_usart1.o(i.USART_DeInit), (64 bytes).
    Removing stm32l1xx_usart1.o(i.USART_HalfDuplexCmd), (24 bytes).
    Removing stm32l1xx_usart1.o(i.USART_IrDACmd), (24 bytes).
    Removing stm32l1xx_usart1.o(i.USART_IrDAConfig), (18 bytes).
    Removing stm32l1xx_usart1.o(i.USART_LINBreakDetectLengthConfig), (18 bytes).
    Removing stm32l1xx_usart1.o(i.USART_LINCmd), (24 bytes).
    Removing stm32l1xx_usart1.o(i.USART_OneBitMethodCmd), (24 bytes).
    Removing stm32l1xx_usart1.o(i.USART_OverSampling8Cmd), (22 bytes).
    Removing stm32l1xx_usart1.o(i.USART_ReceiverWakeUpCmd), (24 bytes).
    Removing stm32l1xx_usart1.o(i.USART_SendBreak), (10 bytes).
    Removing stm32l1xx_usart1.o(i.USART_SetAddress), (18 bytes).
    Removing stm32l1xx_usart1.o(i.USART_SetGuardTime), (16 bytes).
    Removing stm32l1xx_usart1.o(i.USART_SetPrescaler), (16 bytes).
    Removing stm32l1xx_usart1.o(i.USART_SmartCardCmd), (24 bytes).
    Removing stm32l1xx_usart1.o(i.USART_SmartCardNACKCmd), (24 bytes).
    Removing stm32l1xx_usart1.o(i.USART_StructInit), (24 bytes).
    Removing stm32l1xx_usart1.o(i.USART_WakeUpConfig), (18 bytes).
    Removing usart.o(.rev16_text), (4 bytes).
    Removing usart.o(.revsh_text), (4 bytes).
    Removing usart.o(.rrx_text), (6 bytes).
    Removing usart.o(i.usart1_puti), (26 bytes).
    Removing usart.o(i.usart1_rcv_interrupt_en), (56 bytes).
    Removing usart.o(i.usart2_puti), (26 bytes).
    Removing wifi.o(.rev16_text), (4 bytes).
    Removing wifi.o(.revsh_text), (4 bytes).
    Removing wifi.o(.rrx_text), (6 bytes).
    Removing main.o(.rev16_text), (4 bytes).
    Removing main.o(.revsh_text), (4 bytes).
    Removing main.o(.rrx_text), (6 bytes).
    Removing misc1.o(.rev16_text), (4 bytes).
    Removing misc1.o(.revsh_text), (4 bytes).
    Removing misc1.o(.rrx_text), (6 bytes).
    Removing misc1.o(i.NVIC_PriorityGroupConfig), (20 bytes).
    Removing misc1.o(i.NVIC_SetVectorTable), (20 bytes).
    Removing misc1.o(i.NVIC_SystemLPConfig), (32 bytes).
    Removing misc1.o(i.SysTick_CLKSourceConfig), (40 bytes).
    Removing system_stm32l1xx.o(.rev16_text), (4 bytes).
    Removing system_stm32l1xx.o(.revsh_text), (4 bytes).
    Removing system_stm32l1xx.o(.rrx_text), (6 bytes).
    Removing system_stm32l1xx.o(i.SystemCoreClockUpdate), (216 bytes).

109 unused section(s) (total 2452 bytes) removed from the image.

==============================================================================

Image Symbol Table

    Local Symbols

    Symbol Name                              Value     Ov Type        Size  Object(Section)

    ../clib/angel/boardlib.s                 0x00000000   Number         0  boardshut.o ABSOLUTE
    ../clib/angel/boardlib.s                 0x00000000   Number         0  boardinit3.o ABSOLUTE
    ../clib/angel/boardlib.s                 0x00000000   Number         0  boardinit1.o ABSOLUTE
    ../clib/angel/boardlib.s                 0x00000000   Number         0  boardinit2.o ABSOLUTE
    ../clib/angel/handlers.s                 0x00000000   Number         0  __scatter_zi.o ABSOLUTE
    ../clib/angel/handlers.s                 0x00000000   Number         0  __scatter_copy.o ABSOLUTE
    ../clib/angel/kernel.s                   0x00000000   Number         0  __rtentry.o ABSOLUTE
    ../clib/angel/kernel.s                   0x00000000   Number         0  __rtentry4.o ABSOLUTE
    ../clib/angel/kernel.s                   0x00000000   Number         0  rtexit2.o ABSOLUTE
    ../clib/angel/kernel.s                   0x00000000   Number         0  rtexit.o ABSOLUTE
    ../clib/angel/kernel.s                   0x00000000   Number         0  __rtentry2.o ABSOLUTE
    ../clib/angel/rt.s                       0x00000000   Number         0  rt_heap_descriptor.o ABSOLUTE
    ../clib/angel/rt.s                       0x00000000   Number         0  rt_heap_descriptor_intlibspace.o ABSOLUTE
    ../clib/angel/rt.s                       0x00000000   Number         0  rt_raise.o ABSOLUTE
    ../clib/angel/scatter.s                  0x00000000   Number         0  __scatter.o ABSOLUTE
    ../clib/angel/startup.s                  0x00000000   Number         0  __main.o ABSOLUTE
    ../clib/angel/sys.s                      0x00000000   Number         0  mutex_dummy.o ABSOLUTE
    ../clib/angel/sys.s                      0x00000000   Number         0  use_no_semi.o ABSOLUTE
    ../clib/angel/sys.s                      0x00000000   Number         0  indicate_semi.o ABSOLUTE
    ../clib/angel/sys.s                      0x00000000   Number         0  sys_stackheap_outer.o ABSOLUTE
    ../clib/angel/sys.s                      0x00000000   Number         0  libspace.o ABSOLUTE
    ../clib/angel/sysapp.c                   0x00000000   Number         0  sys_command.o ABSOLUTE
    ../clib/angel/sysapp.c                   0x00000000   Number         0  sys_exit.o ABSOLUTE
    ../clib/angel/sysapp.c                   0x00000000   Number         0  sys_wrch.o ABSOLUTE
    ../clib/armsys.c                         0x00000000   Number         0  _get_argv.o ABSOLUTE
    ../clib/armsys.c                         0x00000000   Number         0  no_argv.o ABSOLUTE
    ../clib/armsys.c                         0x00000000   Number         0  argv_veneer.o ABSOLUTE
    ../clib/armsys.c                         0x00000000   Number         0  _get_argv_nomalloc.o ABSOLUTE
    ../clib/armsys.c                         0x00000000   Number         0  argv_veneer.o ABSOLUTE
    ../clib/heap1.c                          0x00000000   Number         0  h1_free_mt.o ABSOLUTE
    ../clib/heap1.c                          0x00000000   Number         0  h1_final_mt.o ABSOLUTE
    ../clib/heap1.c                          0x00000000   Number         0  h1_alloc.o ABSOLUTE
    ../clib/heap1.c                          0x00000000   Number         0  h1_free.o ABSOLUTE
    ../clib/heap1.c                          0x00000000   Number         0  h1_alloc_mt.o ABSOLUTE
    ../clib/heap1.c                          0x00000000   Number         0  h1_final.o ABSOLUTE
    ../clib/heap1.c                          0x00000000   Number         0  h1_init_mt.o ABSOLUTE
    ../clib/heap1.c                          0x00000000   Number         0  h1_init.o ABSOLUTE
    ../clib/heap1.c                          0x00000000   Number         0  h1_extend_mt.o ABSOLUTE
    ../clib/heap1.c                          0x00000000   Number         0  h1_extend.o ABSOLUTE
    ../clib/heap2.c                          0x00000000   Number         0  fdtree.o ABSOLUTE
    ../clib/heap2.c                          0x00000000   Number         0  heap2.o ABSOLUTE
    ../clib/heap2.c                          0x00000000   Number         0  heap2mt.o ABSOLUTE
    ../clib/heapalloc.c                      0x00000000   Number         0  hrguard.o ABSOLUTE
    ../clib/heapalloc.c                      0x00000000   Number         0  heapstubs.o ABSOLUTE
    ../clib/heapalloc.c                      0x00000000   Number         0  init_alloc.o ABSOLUTE
    ../clib/heapalloc.c                      0x00000000   Number         0  hguard.o ABSOLUTE
    ../clib/heapalloc.c                      0x00000000   Number         0  term_alloc.o ABSOLUTE
    ../clib/heapalloc.c                      0x00000000   Number         0  malloc.o ABSOLUTE
    ../clib/heapalloc.c                      0x00000000   Number         0  free.o ABSOLUTE
    ../clib/heapalloc.c                      0x00000000   Number         0  maybetermalloc2.o ABSOLUTE
    ../clib/heapalloc.c                      0x00000000   Number         0  maybetermalloc1.o ABSOLUTE
    ../clib/heapalloc.c                      0x00000000   Number         0  maybetermalloc1.o ABSOLUTE
    ../clib/heapalloc.c                      0x00000000   Number         0  maybetermalloc2.o ABSOLUTE
    ../clib/heapaux.c                        0x00000000   Number         0  heapauxi.o ABSOLUTE
    ../clib/heapaux.c                        0x00000000   Number         0  heapauxa.o ABSOLUTE
    ../clib/libinit.s                        0x00000000   Number         0  libshutdown2.o ABSOLUTE
    ../clib/libinit.s                        0x00000000   Number         0  libshutdown.o ABSOLUTE
    ../clib/libinit.s                        0x00000000   Number         0  libinit.o ABSOLUTE
    ../clib/libinit.s                        0x00000000   Number         0  libinit2.o ABSOLUTE
    ../clib/memcpset.s                       0x00000000   Number         0  rt_memcpy_w.o ABSOLUTE
    ../clib/misc.s                           0x00000000   Number         0  printf_stubs.o ABSOLUTE
    ../clib/printf.c                         0x00000000   Number         0  _printf_char.o ABSOLUTE
    ../clib/printf.c                         0x00000000   Number         0  __printf_flags.o ABSOLUTE
    ../clib/printf.c                         0x00000000   Number         0  _printf_hex_int_ll_ptr.o ABSOLUTE
    ../clib/printf.c                         0x00000000   Number         0  __printf_flags_ss_wp.o ABSOLUTE
    ../clib/printf.c                         0x00000000   Number         0  __printf_ss_wp.o ABSOLUTE
    ../clib/printf.c                         0x00000000   Number         0  __printf_flags_wp.o ABSOLUTE
    ../clib/printf.c                         0x00000000   Number         0  __printf_wp.o ABSOLUTE
    ../clib/printf.c                         0x00000000   Number         0  __printf_flags_ss.o ABSOLUTE
    ../clib/printf.c                         0x00000000   Number         0  __printf_ss.o ABSOLUTE
    ../clib/printf.c                         0x00000000   Number         0  _printf_hex_ll_ptr.o ABSOLUTE
    ../clib/printf.c                         0x00000000   Number         0  _printf_hex_int_ptr.o ABSOLUTE
    ../clib/printf.c                         0x00000000   Number         0  _printf_charcount.o ABSOLUTE
    ../clib/printf.c                         0x00000000   Number         0  _printf_intcommon.o ABSOLUTE
    ../clib/printf.c                         0x00000000   Number         0  _printf_hex_ptr.o ABSOLUTE
    ../clib/printf.c                         0x00000000   Number         0  _printf_hex_int_ll.o ABSOLUTE
    ../clib/printf.c                         0x00000000   Number         0  __printf_nopercent.o ABSOLUTE
    ../clib/printf.c                         0x00000000   Number         0  _printf_hex_int.o ABSOLUTE
    ../clib/printf.c                         0x00000000   Number         0  _printf_hex_ll.o ABSOLUTE
    ../clib/printf.c                         0x00000000   Number         0  _printf_char_common.o ABSOLUTE
    ../clib/printf.c                         0x00000000   Number         0  __2sprintf.o ABSOLUTE
    ../clib/printf.c                         0x00000000   Number         0  noretval__2sprintf.o ABSOLUTE
    ../clib/printf.c                         0x00000000   Number         0  __printf.o ABSOLUTE
    ../clib/printf.c                         0x00000000   Number         0  _printf_pad.o ABSOLUTE
    ../clib/printf.c                         0x00000000   Number         0  _sputc.o ABSOLUTE
    ../clib/printf.c                         0x00000000   Number         0  _printf_str.o ABSOLUTE
    ../clib/printf_percent.s                 0x00000000   Number         0  _printf_percent_end.o ABSOLUTE
    ../clib/printf_percent.s                 0x00000000   Number         0  _printf_p.o ABSOLUTE
    ../clib/printf_percent.s                 0x00000000   Number         0  _printf_s.o ABSOLUTE
    ../clib/printf_percent.s                 0x00000000   Number         0  _printf_n.o ABSOLUTE
    ../clib/printf_percent.s                 0x00000000   Number         0  _printf_percent.o ABSOLUTE
    ../clib/signal.c                         0x00000000   Number         0  defsig_pvfn_inner.o ABSOLUTE
    ../clib/signal.c                         0x00000000   Number         0  defsig_cppl_inner.o ABSOLUTE
    ../clib/signal.c                         0x00000000   Number         0  defsig_segv_inner.o ABSOLUTE
    ../clib/signal.c                         0x00000000   Number         0  defsig_other.o ABSOLUTE
    ../clib/signal.c                         0x00000000   Number         0  __raise.o ABSOLUTE
    ../clib/signal.c                         0x00000000   Number         0  defsig_rtmem_outer.o ABSOLUTE
    ../clib/signal.c                         0x00000000   Number         0  defsig_rtmem_formal.o ABSOLUTE
    ../clib/signal.c                         0x00000000   Number         0  defsig_exit.o ABSOLUTE
    ../clib/signal.c                         0x00000000   Number         0  defsig_rtmem_inner.o ABSOLUTE
    ../clib/signal.c                         0x00000000   Number         0  defsig_general.o ABSOLUTE
    ../clib/signal.c                         0x00000000   Number         0  defsig_abrt_inner.o ABSOLUTE
    ../clib/signal.c                         0x00000000   Number         0  defsig_fpe_inner.o ABSOLUTE
    ../clib/signal.c                         0x00000000   Number         0  defsig_rtred_inner.o ABSOLUTE
    ../clib/signal.c                         0x00000000   Number         0  defsig_stak_inner.o ABSOLUTE
    ../clib/signal.s                         0x00000000   Number         0  defsig.o ABSOLUTE
    ../clib/stdlib.c                         0x00000000   Number         0  exit.o ABSOLUTE
    ../clib/string.c                         0x00000000   Number         0  strcpy.o ABSOLUTE
    ../clib/string.c                         0x00000000   Number         0  strlen.o ABSOLUTE
    ../clib/string.c                         0x00000000   Number         0  strncmp.o ABSOLUTE
    ../fplib/fpinit.s                        0x00000000   Number         0  fpinit.o ABSOLUTE
    RTE\Device\STM32L100RC\startup_stm32l100xc.s 0x00000000   Number         0  startup_stm32l100xc.o ABSOLUTE
    RTE\Device\STM32L100RC\system_stm32l1xx.c 0x00000000   Number         0  system_stm32l1xx.o ABSOLUTE
    RTE\\Device\\STM32L100RC\\system_stm32l1xx.c 0x00000000   Number         0  system_stm32l1xx.o ABSOLUTE
    at_cmd.c                                 0x00000000   Number         0  at_cmd.o ABSOLUTE
    at_cmd.c                                 0x00000000   Number         0  at_cmd.o ABSOLUTE
    dc.s                                     0x00000000   Number         0  dc.o ABSOLUTE
    delay.c                                  0x00000000   Number         0  delay.o ABSOLUTE
    main.c                                   0x00000000   Number         0  main.o ABSOLUTE
    main.c                                   0x00000000   Number         0  main.o ABSOLUTE
    misc1.c                                  0x00000000   Number         0  misc1.o ABSOLUTE
    misc1.c                                  0x00000000   Number         0  misc1.o ABSOLUTE
    stm32l1xx_gpio1.c                        0x00000000   Number         0  stm32l1xx_gpio1.o ABSOLUTE
    stm32l1xx_gpio1.c                        0x00000000   Number         0  stm32l1xx_gpio1.o ABSOLUTE
    stm32l1xx_rcc1.c                         0x00000000   Number         0  stm32l1xx_rcc1.o ABSOLUTE
    stm32l1xx_rcc1.c                         0x00000000   Number         0  stm32l1xx_rcc1.o ABSOLUTE
    stm32l1xx_usart1.c                       0x00000000   Number         0  stm32l1xx_usart1.o ABSOLUTE
    stm32l1xx_usart1.c                       0x00000000   Number         0  stm32l1xx_usart1.o ABSOLUTE
    usart.c                                  0x00000000   Number         0  usart.o ABSOLUTE
    usart.c                                  0x00000000   Number         0  usart.o ABSOLUTE
    util.c                                   0x00000000   Number         0  util.o ABSOLUTE
    wifi.c                                   0x00000000   Number         0  wifi.o ABSOLUTE
    wifi.c                                   0x00000000   Number         0  wifi.o ABSOLUTE
    RESET                                    0x08000000   Section      292  startup_stm32l100xc.o(RESET)
    !!!main                                  0x08000124   Section        8  __main.o(!!!main)
    !!!scatter                               0x0800012c   Section       52  __scatter.o(!!!scatter)
    !!handler_copy                           0x08000160   Section       26  __scatter_copy.o(!!handler_copy)
    !!handler_zi                             0x0800017c   Section       28  __scatter_zi.o(!!handler_zi)
    .ARM.Collect$$_printf_percent$$00000000  0x08000198   Section        0  _printf_percent.o(.ARM.Collect$$_printf_percent$$00000000)
    .ARM.Collect$$_printf_percent$$00000001  0x08000198   Section        6  _printf_n.o(.ARM.Collect$$_printf_percent$$00000001)
    .ARM.Collect$$_printf_percent$$00000002  0x0800019e   Section        6  _printf_p.o(.ARM.Collect$$_printf_percent$$00000002)
    .ARM.Collect$$_printf_percent$$00000014  0x080001a4   Section        6  _printf_s.o(.ARM.Collect$$_printf_percent$$00000014)
    .ARM.Collect$$_printf_percent$$00000017  0x080001aa   Section        4  _printf_percent_end.o(.ARM.Collect$$_printf_percent$$00000017)
    .ARM.Collect$$libinit$$00000000          0x080001ae   Section        2  libinit.o(.ARM.Collect$$libinit$$00000000)
    .ARM.Collect$$libinit$$00000002          0x080001b0   Section        0  libinit2.o(.ARM.Collect$$libinit$$00000002)
    .ARM.Collect$$libinit$$00000004          0x080001b0   Section        0  libinit2.o(.ARM.Collect$$libinit$$00000004)
    .ARM.Collect$$libinit$$00000005          0x080001b0   Section        8  libinit2.o(.ARM.Collect$$libinit$$00000005)
    .ARM.Collect$$libinit$$0000000A          0x080001b8   Section        0  libinit2.o(.ARM.Collect$$libinit$$0000000A)
    .ARM.Collect$$libinit$$0000000C          0x080001b8   Section        0  libinit2.o(.ARM.Collect$$libinit$$0000000C)
    .ARM.Collect$$libinit$$0000000E          0x080001b8   Section        0  libinit2.o(.ARM.Collect$$libinit$$0000000E)
    .ARM.Collect$$libinit$$00000011          0x080001b8   Section        0  libinit2.o(.ARM.Collect$$libinit$$00000011)
    .ARM.Collect$$libinit$$00000013          0x080001b8   Section        0  libinit2.o(.ARM.Collect$$libinit$$00000013)
    .ARM.Collect$$libinit$$00000015          0x080001b8   Section        0  libinit2.o(.ARM.Collect$$libinit$$00000015)
    .ARM.Collect$$libinit$$00000017          0x080001b8   Section        0  libinit2.o(.ARM.Collect$$libinit$$00000017)
    .ARM.Collect$$libinit$$00000019          0x080001b8   Section        0  libinit2.o(.ARM.Collect$$libinit$$00000019)
    .ARM.Collect$$libinit$$0000001B          0x080001b8   Section        0  libinit2.o(.ARM.Collect$$libinit$$0000001B)
    .ARM.Collect$$libinit$$0000001D          0x080001b8   Section        0  libinit2.o(.ARM.Collect$$libinit$$0000001D)
    .ARM.Collect$$libinit$$0000001F          0x080001b8   Section        0  libinit2.o(.ARM.Collect$$libinit$$0000001F)
    .ARM.Collect$$libinit$$00000021          0x080001b8   Section        0  libinit2.o(.ARM.Collect$$libinit$$00000021)
    .ARM.Collect$$libinit$$00000023          0x080001b8   Section        0  libinit2.o(.ARM.Collect$$libinit$$00000023)
    .ARM.Collect$$libinit$$00000025          0x080001b8   Section        0  libinit2.o(.ARM.Collect$$libinit$$00000025)
    .ARM.Collect$$libinit$$0000002C          0x080001b8   Section        0  libinit2.o(.ARM.Collect$$libinit$$0000002C)
    .ARM.Collect$$libinit$$0000002E          0x080001b8   Section        0  libinit2.o(.ARM.Collect$$libinit$$0000002E)
    .ARM.Collect$$libinit$$00000030          0x080001b8   Section        0  libinit2.o(.ARM.Collect$$libinit$$00000030)
    .ARM.Collect$$libinit$$00000032          0x080001b8   Section        0  libinit2.o(.ARM.Collect$$libinit$$00000032)
    .ARM.Collect$$libinit$$00000033          0x080001b8   Section        2  libinit2.o(.ARM.Collect$$libinit$$00000033)
    .ARM.Collect$$libshutdown$$00000000      0x080001ba   Section        2  libshutdown.o(.ARM.Collect$$libshutdown$$00000000)
    .ARM.Collect$$libshutdown$$00000002      0x080001bc   Section        0  libshutdown2.o(.ARM.Collect$$libshutdown$$00000002)
    .ARM.Collect$$libshutdown$$00000004      0x080001bc   Section        0  libshutdown2.o(.ARM.Collect$$libshutdown$$00000004)
    .ARM.Collect$$libshutdown$$00000007      0x080001bc   Section        0  libshutdown2.o(.ARM.Collect$$libshutdown$$00000007)
    .ARM.Collect$$libshutdown$$0000000A      0x080001bc   Section        0  libshutdown2.o(.ARM.Collect$$libshutdown$$0000000A)
    .ARM.Collect$$libshutdown$$0000000C      0x080001bc   Section        0  libshutdown2.o(.ARM.Collect$$libshutdown$$0000000C)
    .ARM.Collect$$libshutdown$$0000000F      0x080001bc   Section        0  libshutdown2.o(.ARM.Collect$$libshutdown$$0000000F)
    .ARM.Collect$$libshutdown$$00000010      0x080001bc   Section        2  libshutdown2.o(.ARM.Collect$$libshutdown$$00000010)
    .ARM.Collect$$rtentry$$00000000          0x080001be   Section        0  __rtentry.o(.ARM.Collect$$rtentry$$00000000)
    .ARM.Collect$$rtentry$$00000002          0x080001be   Section        0  __rtentry2.o(.ARM.Collect$$rtentry$$00000002)
    .ARM.Collect$$rtentry$$00000004          0x080001be   Section        6  __rtentry4.o(.ARM.Collect$$rtentry$$00000004)
    .ARM.Collect$$rtentry$$00000009          0x080001c4   Section        0  __rtentry2.o(.ARM.Collect$$rtentry$$00000009)
    .ARM.Collect$$rtentry$$0000000A          0x080001c4   Section        4  __rtentry2.o(.ARM.Collect$$rtentry$$0000000A)
    .ARM.Collect$$rtentry$$0000000C          0x080001c8   Section        0  __rtentry2.o(.ARM.Collect$$rtentry$$0000000C)
    .ARM.Collect$$rtentry$$0000000D          0x080001c8   Section        8  __rtentry2.o(.ARM.Collect$$rtentry$$0000000D)
    .ARM.Collect$$rtexit$$00000000           0x080001d0   Section        2  rtexit.o(.ARM.Collect$$rtexit$$00000000)
    .ARM.Collect$$rtexit$$00000002           0x080001d2   Section        0  rtexit2.o(.ARM.Collect$$rtexit$$00000002)
    .ARM.Collect$$rtexit$$00000003           0x080001d2   Section        4  rtexit2.o(.ARM.Collect$$rtexit$$00000003)
    .ARM.Collect$$rtexit$$00000004           0x080001d6   Section        6  rtexit2.o(.ARM.Collect$$rtexit$$00000004)
    .emb_text                                0x080001dc   Section        0  maybetermalloc1.o(.emb_text)
    .text                                    0x080001dc   Section       64  startup_stm32l100xc.o(.text)
    .text                                    0x0800021c   Section        0  h1_alloc.o(.text)
    .text                                    0x0800027a   Section        0  h1_free.o(.text)
    .text                                    0x080002c8   Section        0  noretval__2sprintf.o(.text)
    .text                                    0x080002f0   Section        0  _printf_pad.o(.text)
    .text                                    0x0800033e   Section        0  _printf_str.o(.text)
    .text                                    0x08000390   Section        0  _printf_charcount.o(.text)
    .text                                    0x080003b8   Section        0  _printf_hex_ptr.o(.text)
    .text                                    0x0800040c   Section        0  __printf_flags_ss_wp.o(.text)
    .text                                    0x08000594   Section        0  strcpy.o(.text)
    .text                                    0x080005dc   Section        0  strlen.o(.text)
    .text                                    0x0800061a   Section        0  strncmp.o(.text)
    .text                                    0x080006b0   Section        0  heapauxi.o(.text)
    .text                                    0x080006b8   Section        8  rt_heap_descriptor_intlibspace.o(.text)
    .text                                    0x080006c0   Section        0  hguard.o(.text)
    .text                                    0x080006c4   Section        0  init_alloc.o(.text)
    .text                                    0x0800074e   Section        0  h1_init.o(.text)
    .text                                    0x0800075c   Section        0  _printf_intcommon.o(.text)
    .text                                    0x08000810   Section        0  _printf_char_common.o(.text)
    _printf_input_char                       0x08000811   Thumb Code    10  _printf_char_common.o(.text)
    .text                                    0x08000840   Section        0  _sputc.o(.text)
    .text                                    0x0800084a   Section        0  _printf_char.o(.text)
    .text                                    0x08000878   Section        8  libspace.o(.text)
    .text                                    0x08000880   Section        0  h1_extend.o(.text)
    .text                                    0x080008b4   Section        0  defsig_rtmem_outer.o(.text)
    .text                                    0x080008c2   Section        2  use_no_semi.o(.text)
    .text                                    0x080008c4   Section        0  indicate_semi.o(.text)
    .text                                    0x080008c4   Section       74  sys_stackheap_outer.o(.text)
    .text                                    0x0800090e   Section        0  exit.o(.text)
    .text                                    0x08000920   Section        0  defsig_exit.o(.text)
    .text                                    0x0800092c   Section        0  defsig_rtmem_inner.o(.text)
    .text                                    0x0800097c   Section        0  sys_exit.o(.text)
    .text                                    0x08000988   Section        0  defsig_general.o(.text)
    .text                                    0x080009ba   Section        0  sys_wrch.o(.text)
    i.GPIO_Init                              0x080009c8   Section        0  stm32l1xx_gpio1.o(i.GPIO_Init)
    i.GPIO_PinAFConfig                       0x08000a4c   Section        0  stm32l1xx_gpio1.o(i.GPIO_PinAFConfig)
    i.NVIC_Init                              0x08000a94   Section        0  misc1.o(i.NVIC_Init)
    i.RCC_GetClocksFreq                      0x08000b0c   Section        0  stm32l1xx_rcc1.o(i.RCC_GetClocksFreq)
    i.SysTick_Handler                        0x08000c08   Section        0  main.o(i.SysTick_Handler)
    i.SystemInit                             0x08000c20   Section        0  system_stm32l1xx.o(i.SystemInit)
    i.USART1_IRQHandler                      0x08000c84   Section        0  usart.o(i.USART1_IRQHandler)
    i.USART2_IRQHandler                      0x08000cb8   Section        0  usart.o(i.USART2_IRQHandler)
    i.USART_Cmd                              0x08000cf8   Section        0  stm32l1xx_usart1.o(i.USART_Cmd)
    i.USART_GetFlagStatus                    0x08000d10   Section        0  stm32l1xx_usart1.o(i.USART_GetFlagStatus)
    i.USART_GetITStatus                      0x08000d2a   Section        0  stm32l1xx_usart1.o(i.USART_GetITStatus)
    i.USART_ITConfig                         0x08000d7e   Section        0  stm32l1xx_usart1.o(i.USART_ITConfig)
    i.USART_Init                             0x08000dc8   Section        0  stm32l1xx_usart1.o(i.USART_Init)
    i.USART_ReceiveData                      0x08000e9c   Section        0  stm32l1xx_usart1.o(i.USART_ReceiveData)
    i.USART_SendData                         0x08000ea6   Section        0  stm32l1xx_usart1.o(i.USART_SendData)
    i._is_digit                              0x08000eae   Section        0  __printf_wp.o(i._is_digit)
    i.at_direct_send                         0x08000ebc   Section        0  at_cmd.o(i.at_direct_send)
    i.at_send_receive                        0x08000ed0   Section        0  at_cmd.o(i.at_send_receive)
    i.at_wait_till_double_newline            0x08000f80   Section        0  at_cmd.o(i.at_wait_till_double_newline)
    i.delay_ms                               0x08000fe4   Section        0  delay.o(i.delay_ms)
    i.int_to_str                             0x08000ff8   Section        0  util.o(i.int_to_str)
    i.main                                   0x08001040   Section        0  main.o(i.main)
    i.usart1_getch                           0x08001494   Section        0  usart.o(i.usart1_getch)
    i.usart1_init                            0x080014b4   Section        0  usart.o(i.usart1_init)
    i.usart1_putch                           0x08001564   Section        0  usart.o(i.usart1_putch)
    i.usart1_puts                            0x08001584   Section        0  usart.o(i.usart1_puts)
    i.usart2_flush_queue                     0x0800159c   Section        0  usart.o(i.usart2_flush_queue)
    i.usart2_getch                           0x080015b0   Section        0  usart.o(i.usart2_getch)
    i.usart2_init                            0x080015d0   Section        0  usart.o(i.usart2_init)
    i.usart2_putch                           0x08001680   Section        0  usart.o(i.usart2_putch)
    i.usart2_puts                            0x080016a0   Section        0  usart.o(i.usart2_puts)
    i.usart2_rcv_interrupt_en                0x080016bc   Section        0  usart.o(i.usart2_rcv_interrupt_en)
    i.wifi_connect_router                    0x080016f4   Section        0  wifi.o(i.wifi_connect_router)
    i.wifi_init                              0x08001790   Section        0  wifi.o(i.wifi_init)
    i.wifi_open_conn                         0x080017e8   Section        0  wifi.o(i.wifi_open_conn)
    i.wifi_send_req                          0x080018a8   Section        0  wifi.o(i.wifi_send_req)
    .constdata                               0x08001904   Section       40  _printf_hex_ptr.o(.constdata)
    uc_hextab                                0x08001904   Data          20  _printf_hex_ptr.o(.constdata)
    lc_hextab                                0x08001918   Data          20  _printf_hex_ptr.o(.constdata)
    .constdata                               0x0800192c   Section       17  __printf_flags_ss_wp.o(.constdata)
    maptable                                 0x0800192c   Data          17  __printf_flags_ss_wp.o(.constdata)
    .conststring                             0x08001940   Section       79  main.o(.conststring)
    .data                                    0x20000000   Section       25  stm32l1xx_rcc1.o(.data)
    PLLMulTable                              0x20000000   Data           9  stm32l1xx_rcc1.o(.data)
    APBAHBPrescTable                         0x20000009   Data          16  stm32l1xx_rcc1.o(.data)
    .data                                    0x2000001c   Section        8  usart.o(.data)
    .data                                    0x20000024   Section        8  main.o(.data)
    .data                                    0x2000002c   Section       29  system_stm32l1xx.o(.data)
    .bss                                     0x2000004c   Section      512  usart.o(.bss)
    .bss                                     0x2000024c   Section       96  libspace.o(.bss)
    HEAP                                     0x200002b0   Section      512  startup_stm32l100xc.o(HEAP)
    Heap_Mem                                 0x200002b0   Data         512  startup_stm32l100xc.o(HEAP)
    STACK                                    0x200004b0   Section     1024  startup_stm32l100xc.o(STACK)
    Stack_Mem                                0x200004b0   Data        1024  startup_stm32l100xc.o(STACK)
    __initial_sp                             0x200008b0   Data           0  startup_stm32l100xc.o(STACK)

    Global Symbols

    Symbol Name                              Value     Ov Type        Size  Object(Section)

    BuildAttributes$$THM_ISAv4$P$D$K$B$S$PE$A:L22UL41UL21$X:L11$S22US41US21$IEEE1$IW$USESV6$~STKCKD$USESV7$~SHL$OTIME$ROPI$EBA8$UX$STANDARDLIB$REQ8$PRES8$EABIv2 0x00000000   Number         0  anon$$obj.o ABSOLUTE
    __ARM_use_no_argv                        0x00000000   Number         0  main.o ABSOLUTE
    _printf_flags                            0x00000000   Number         0  printf_stubs.o ABSOLUTE
    _printf_return_value                     0x00000000   Number         0  printf_stubs.o ABSOLUTE
    _printf_sizespec                         0x00000000   Number         0  printf_stubs.o ABSOLUTE
    _printf_widthprec                        0x00000000   Number         0  printf_stubs.o ABSOLUTE
    __ARM_exceptions_init                     - Undefined Weak Reference
    __alloca_initialize                       - Undefined Weak Reference
    __arm_preinit_                            - Undefined Weak Reference
    __cpp_initialize__aeabi_                  - Undefined Weak Reference
    __cxa_finalize                            - Undefined Weak Reference
    __rt_locale                               - Undefined Weak Reference
    __sigvec_lookup                           - Undefined Weak Reference
    __user_heap_extent                        - Undefined Weak Reference
    _atexit_init                              - Undefined Weak Reference
    _call_atexit_fns                          - Undefined Weak Reference
    _clock_init                               - Undefined Weak Reference
    _fp_trap_init                             - Undefined Weak Reference
    _fp_trap_shutdown                         - Undefined Weak Reference
    _get_lc_collate                           - Undefined Weak Reference
    _get_lc_ctype                             - Undefined Weak Reference
    _get_lc_monetary                          - Undefined Weak Reference
    _get_lc_numeric                           - Undefined Weak Reference
    _get_lc_time                              - Undefined Weak Reference
    _getenv_init                              - Undefined Weak Reference
    _handle_redirection                       - Undefined Weak Reference
    _initio                                   - Undefined Weak Reference
    _mutex_acquire                            - Undefined Weak Reference
    _mutex_free                               - Undefined Weak Reference
    _mutex_release                            - Undefined Weak Reference
    _printf_mbtowc                            - Undefined Weak Reference
    _printf_truncate_unsigned                 - Undefined Weak Reference
    _rand_init                                - Undefined Weak Reference
    _signal_finish                            - Undefined Weak Reference
    _signal_init                              - Undefined Weak Reference
    _terminateio                              - Undefined Weak Reference
    __Vectors_Size                           0x00000124   Number         0  startup_stm32l100xc.o ABSOLUTE
    __Vectors                                0x08000000   Data           4  startup_stm32l100xc.o(RESET)
    __Vectors_End                            0x08000124   Data           0  startup_stm32l100xc.o(RESET)
    __main                                   0x08000125   Thumb Code     8  __main.o(!!!main)
    __scatterload                            0x0800012d   Thumb Code     0  __scatter.o(!!!scatter)
    __scatterload_rt2                        0x0800012d   Thumb Code    44  __scatter.o(!!!scatter)
    __scatterload_rt2_thumb_only             0x0800012d   Thumb Code     0  __scatter.o(!!!scatter)
    __scatterload_null                       0x0800013b   Thumb Code     0  __scatter.o(!!!scatter)
    __scatterload_copy                       0x08000161   Thumb Code    26  __scatter_copy.o(!!handler_copy)
    __scatterload_zeroinit                   0x0800017d   Thumb Code    28  __scatter_zi.o(!!handler_zi)
    _printf_n                                0x08000199   Thumb Code     0  _printf_n.o(.ARM.Collect$$_printf_percent$$00000001)
    _printf_percent                          0x08000199   Thumb Code     0  _printf_percent.o(.ARM.Collect$$_printf_percent$$00000000)
    _printf_p                                0x0800019f   Thumb Code     0  _printf_p.o(.ARM.Collect$$_printf_percent$$00000002)
    _printf_s                                0x080001a5   Thumb Code     0  _printf_s.o(.ARM.Collect$$_printf_percent$$00000014)
    _printf_percent_end                      0x080001ab   Thumb Code     0  _printf_percent_end.o(.ARM.Collect$$_printf_percent$$00000017)
    __rt_lib_init                            0x080001af   Thumb Code     0  libinit.o(.ARM.Collect$$libinit$$00000000)
    __rt_lib_init_fp_1                       0x080001b1   Thumb Code     0  libinit2.o(.ARM.Collect$$libinit$$00000002)
    __rt_lib_init_heap_2                     0x080001b1   Thumb Code     0  libinit2.o(.ARM.Collect$$libinit$$00000005)
    __rt_lib_init_preinit_1                  0x080001b1   Thumb Code     0  libinit2.o(.ARM.Collect$$libinit$$00000004)
    __rt_lib_init_alloca_1                   0x080001b9   Thumb Code     0  libinit2.o(.ARM.Collect$$libinit$$0000002E)
    __rt_lib_init_argv_1                     0x080001b9   Thumb Code     0  libinit2.o(.ARM.Collect$$libinit$$0000002C)
    __rt_lib_init_atexit_1                   0x080001b9   Thumb Code     0  libinit2.o(.ARM.Collect$$libinit$$0000001B)
    __rt_lib_init_clock_1                    0x080001b9   Thumb Code     0  libinit2.o(.ARM.Collect$$libinit$$00000021)
    __rt_lib_init_cpp_1                      0x080001b9   Thumb Code     0  libinit2.o(.ARM.Collect$$libinit$$00000032)
    __rt_lib_init_exceptions_1               0x080001b9   Thumb Code     0  libinit2.o(.ARM.Collect$$libinit$$00000030)
    __rt_lib_init_fp_trap_1                  0x080001b9   Thumb Code     0  libinit2.o(.ARM.Collect$$libinit$$0000001F)
    __rt_lib_init_getenv_1                   0x080001b9   Thumb Code     0  libinit2.o(.ARM.Collect$$libinit$$00000023)
    __rt_lib_init_heap_1                     0x080001b9   Thumb Code     0  libinit2.o(.ARM.Collect$$libinit$$0000000A)
    __rt_lib_init_lc_collate_1               0x080001b9   Thumb Code     0  libinit2.o(.ARM.Collect$$libinit$$00000011)
    __rt_lib_init_lc_ctype_1                 0x080001b9   Thumb Code     0  libinit2.o(.ARM.Collect$$libinit$$00000013)
    __rt_lib_init_lc_monetary_1              0x080001b9   Thumb Code     0  libinit2.o(.ARM.Collect$$libinit$$00000015)
    __rt_lib_init_lc_numeric_1               0x080001b9   Thumb Code     0  libinit2.o(.ARM.Collect$$libinit$$00000017)
    __rt_lib_init_lc_time_1                  0x080001b9   Thumb Code     0  libinit2.o(.ARM.Collect$$libinit$$00000019)
    __rt_lib_init_rand_1                     0x080001b9   Thumb Code     0  libinit2.o(.ARM.Collect$$libinit$$0000000E)
    __rt_lib_init_return                     0x080001b9   Thumb Code     0  libinit2.o(.ARM.Collect$$libinit$$00000033)
    __rt_lib_init_signal_1                   0x080001b9   Thumb Code     0  libinit2.o(.ARM.Collect$$libinit$$0000001D)
    __rt_lib_init_stdio_1                    0x080001b9   Thumb Code     0  libinit2.o(.ARM.Collect$$libinit$$00000025)
    __rt_lib_init_user_alloc_1               0x080001b9   Thumb Code     0  libinit2.o(.ARM.Collect$$libinit$$0000000C)
    __rt_lib_shutdown                        0x080001bb   Thumb Code     0  libshutdown.o(.ARM.Collect$$libshutdown$$00000000)
    __rt_lib_shutdown_cpp_1                  0x080001bd   Thumb Code     0  libshutdown2.o(.ARM.Collect$$libshutdown$$00000002)
    __rt_lib_shutdown_fp_trap_1              0x080001bd   Thumb Code     0  libshutdown2.o(.ARM.Collect$$libshutdown$$00000007)
    __rt_lib_shutdown_heap_1                 0x080001bd   Thumb Code     0  libshutdown2.o(.ARM.Collect$$libshutdown$$0000000F)
    __rt_lib_shutdown_return                 0x080001bd   Thumb Code     0  libshutdown2.o(.ARM.Collect$$libshutdown$$00000010)
    __rt_lib_shutdown_signal_1               0x080001bd   Thumb Code     0  libshutdown2.o(.ARM.Collect$$libshutdown$$0000000A)
    __rt_lib_shutdown_stdio_1                0x080001bd   Thumb Code     0  libshutdown2.o(.ARM.Collect$$libshutdown$$00000004)
    __rt_lib_shutdown_user_alloc_1           0x080001bd   Thumb Code     0  libshutdown2.o(.ARM.Collect$$libshutdown$$0000000C)
    __rt_entry                               0x080001bf   Thumb Code     0  __rtentry.o(.ARM.Collect$$rtentry$$00000000)
    __rt_entry_presh_1                       0x080001bf   Thumb Code     0  __rtentry2.o(.ARM.Collect$$rtentry$$00000002)
    __rt_entry_sh                            0x080001bf   Thumb Code     0  __rtentry4.o(.ARM.Collect$$rtentry$$00000004)
    __rt_entry_li                            0x080001c5   Thumb Code     0  __rtentry2.o(.ARM.Collect$$rtentry$$0000000A)
    __rt_entry_postsh_1                      0x080001c5   Thumb Code     0  __rtentry2.o(.ARM.Collect$$rtentry$$00000009)
    __rt_entry_main                          0x080001c9   Thumb Code     0  __rtentry2.o(.ARM.Collect$$rtentry$$0000000D)
    __rt_entry_postli_1                      0x080001c9   Thumb Code     0  __rtentry2.o(.ARM.Collect$$rtentry$$0000000C)
    __rt_exit                                0x080001d1   Thumb Code     0  rtexit.o(.ARM.Collect$$rtexit$$00000000)
    __rt_exit_ls                             0x080001d3   Thumb Code     0  rtexit2.o(.ARM.Collect$$rtexit$$00000003)
    __rt_exit_prels_1                        0x080001d3   Thumb Code     0  rtexit2.o(.ARM.Collect$$rtexit$$00000002)
    __rt_exit_exit                           0x080001d7   Thumb Code     0  rtexit2.o(.ARM.Collect$$rtexit$$00000004)
    Reset_Handler                            0x080001dd   Thumb Code     8  startup_stm32l100xc.o(.text)
    _maybe_terminate_alloc                   0x080001dd   Thumb Code     0  maybetermalloc1.o(.emb_text)
    NMI_Handler                              0x080001e5   Thumb Code     2  startup_stm32l100xc.o(.text)
    HardFault_Handler                        0x080001e7   Thumb Code     2  startup_stm32l100xc.o(.text)
    MemManage_Handler                        0x080001e9   Thumb Code     2  startup_stm32l100xc.o(.text)
    BusFault_Handler                         0x080001eb   Thumb Code     2  startup_stm32l100xc.o(.text)
    UsageFault_Handler                       0x080001ed   Thumb Code     2  startup_stm32l100xc.o(.text)
    SVC_Handler                              0x080001ef   Thumb Code     2  startup_stm32l100xc.o(.text)
    DebugMon_Handler                         0x080001f1   Thumb Code     2  startup_stm32l100xc.o(.text)
    PendSV_Handler                           0x080001f3   Thumb Code     2  startup_stm32l100xc.o(.text)
    ADC1_IRQHandler                          0x080001f7   Thumb Code     0  startup_stm32l100xc.o(.text)
    COMP_ACQ_IRQHandler                      0x080001f7   Thumb Code     0  startup_stm32l100xc.o(.text)
    COMP_IRQHandler                          0x080001f7   Thumb Code     0  startup_stm32l100xc.o(.text)
    DAC_IRQHandler                           0x080001f7   Thumb Code     0  startup_stm32l100xc.o(.text)
    DMA1_Channel1_IRQHandler                 0x080001f7   Thumb Code     0  startup_stm32l100xc.o(.text)
    DMA1_Channel2_IRQHandler                 0x080001f7   Thumb Code     0  startup_stm32l100xc.o(.text)
    DMA1_Channel3_IRQHandler                 0x080001f7   Thumb Code     0  startup_stm32l100xc.o(.text)
    DMA1_Channel4_IRQHandler                 0x080001f7   Thumb Code     0  startup_stm32l100xc.o(.text)
    DMA1_Channel5_IRQHandler                 0x080001f7   Thumb Code     0  startup_stm32l100xc.o(.text)
    DMA1_Channel6_IRQHandler                 0x080001f7   Thumb Code     0  startup_stm32l100xc.o(.text)
    DMA1_Channel7_IRQHandler                 0x080001f7   Thumb Code     0  startup_stm32l100xc.o(.text)
    DMA2_Channel1_IRQHandler                 0x080001f7   Thumb Code     0  startup_stm32l100xc.o(.text)
    DMA2_Channel2_IRQHandler                 0x080001f7   Thumb Code     0  startup_stm32l100xc.o(.text)
    DMA2_Channel3_IRQHandler                 0x080001f7   Thumb Code     0  startup_stm32l100xc.o(.text)
    DMA2_Channel4_IRQHandler                 0x080001f7   Thumb Code     0  startup_stm32l100xc.o(.text)
    DMA2_Channel5_IRQHandler                 0x080001f7   Thumb Code     0  startup_stm32l100xc.o(.text)
    EXTI0_IRQHandler                         0x080001f7   Thumb Code     0  startup_stm32l100xc.o(.text)
    EXTI15_10_IRQHandler                     0x080001f7   Thumb Code     0  startup_stm32l100xc.o(.text)
    EXTI1_IRQHandler                         0x080001f7   Thumb Code     0  startup_stm32l100xc.o(.text)
    EXTI2_IRQHandler                         0x080001f7   Thumb Code     0  startup_stm32l100xc.o(.text)
    EXTI3_IRQHandler                         0x080001f7   Thumb Code     0  startup_stm32l100xc.o(.text)
    EXTI4_IRQHandler                         0x080001f7   Thumb Code     0  startup_stm32l100xc.o(.text)
    EXTI9_5_IRQHandler                       0x080001f7   Thumb Code     0  startup_stm32l100xc.o(.text)
    FLASH_IRQHandler                         0x080001f7   Thumb Code     0  startup_stm32l100xc.o(.text)
    I2C1_ER_IRQHandler                       0x080001f7   Thumb Code     0  startup_stm32l100xc.o(.text)
    I2C1_EV_IRQHandler                       0x080001f7   Thumb Code     0  startup_stm32l100xc.o(.text)
    I2C2_ER_IRQHandler                       0x080001f7   Thumb Code     0  startup_stm32l100xc.o(.text)
    I2C2_EV_IRQHandler                       0x080001f7   Thumb Code     0  startup_stm32l100xc.o(.text)
    LCD_IRQHandler                           0x080001f7   Thumb Code     0  startup_stm32l100xc.o(.text)
    PVD_IRQHandler                           0x080001f7   Thumb Code     0  startup_stm32l100xc.o(.text)
    RCC_IRQHandler                           0x080001f7   Thumb Code     0  startup_stm32l100xc.o(.text)
    RTC_Alarm_IRQHandler                     0x080001f7   Thumb Code     0  startup_stm32l100xc.o(.text)
    RTC_WKUP_IRQHandler                      0x080001f7   Thumb Code     0  startup_stm32l100xc.o(.text)
    SPI1_IRQHandler                          0x080001f7   Thumb Code     0  startup_stm32l100xc.o(.text)
    SPI2_IRQHandler                          0x080001f7   Thumb Code     0  startup_stm32l100xc.o(.text)
    SPI3_IRQHandler                          0x080001f7   Thumb Code     0  startup_stm32l100xc.o(.text)
    TAMPER_STAMP_IRQHandler                  0x080001f7   Thumb Code     0  startup_stm32l100xc.o(.text)
    TIM10_IRQHandler                         0x080001f7   Thumb Code     0  startup_stm32l100xc.o(.text)
    TIM11_IRQHandler                         0x080001f7   Thumb Code     0  startup_stm32l100xc.o(.text)
    TIM2_IRQHandler                          0x080001f7   Thumb Code     0  startup_stm32l100xc.o(.text)
    TIM3_IRQHandler                          0x080001f7   Thumb Code     0  startup_stm32l100xc.o(.text)
    TIM4_IRQHandler                          0x080001f7   Thumb Code     0  startup_stm32l100xc.o(.text)
    TIM6_IRQHandler                          0x080001f7   Thumb Code     0  startup_stm32l100xc.o(.text)
    TIM7_IRQHandler                          0x080001f7   Thumb Code     0  startup_stm32l100xc.o(.text)
    TIM9_IRQHandler                          0x080001f7   Thumb Code     0  startup_stm32l100xc.o(.text)
    USART3_IRQHandler                        0x080001f7   Thumb Code     0  startup_stm32l100xc.o(.text)
    USB_FS_WKUP_IRQHandler                   0x080001f7   Thumb Code     0  startup_stm32l100xc.o(.text)
    USB_HP_IRQHandler                        0x080001f7   Thumb Code     0  startup_stm32l100xc.o(.text)
    USB_LP_IRQHandler                        0x080001f7   Thumb Code     0  startup_stm32l100xc.o(.text)
    WWDG_IRQHandler                          0x080001f7   Thumb Code     0  startup_stm32l100xc.o(.text)
    __user_initial_stackheap                 0x080001f9   Thumb Code     0  startup_stm32l100xc.o(.text)
    malloc                                   0x0800021d   Thumb Code    94  h1_alloc.o(.text)
    free                                     0x0800027b   Thumb Code    78  h1_free.o(.text)
    __2sprintf                               0x080002c9   Thumb Code    34  noretval__2sprintf.o(.text)
    _printf_pre_padding                      0x080002f1   Thumb Code    44  _printf_pad.o(.text)
    _printf_post_padding                     0x0800031d   Thumb Code    34  _printf_pad.o(.text)
    _printf_str                              0x0800033f   Thumb Code    82  _printf_str.o(.text)
    _printf_charcount                        0x08000391   Thumb Code    40  _printf_charcount.o(.text)
    _printf_hex_ptr                          0x080003b9   Thumb Code    78  _printf_hex_ptr.o(.text)
    _printf_longlong_hex                     0x080003b9   Thumb Code     0  _printf_hex_ptr.o(.text)
    __printf                                 0x0800040d   Thumb Code   388  __printf_flags_ss_wp.o(.text)
    strcpy                                   0x08000595   Thumb Code    72  strcpy.o(.text)
    strlen                                   0x080005dd   Thumb Code    62  strlen.o(.text)
    strncmp                                  0x0800061b   Thumb Code   150  strncmp.o(.text)
    __use_two_region_memory                  0x080006b1   Thumb Code     2  heapauxi.o(.text)
    __rt_heap_escrow                         0x080006b3   Thumb Code     2  heapauxi.o(.text)
    __rt_heap_expand                         0x080006b5   Thumb Code     2  heapauxi.o(.text)
    __rt_heap_descriptor                     0x080006b9   Thumb Code     8  rt_heap_descriptor_intlibspace.o(.text)
    __use_no_heap                            0x080006c1   Thumb Code     2  hguard.o(.text)
    __heap$guard                             0x080006c3   Thumb Code     2  hguard.o(.text)
    _terminate_user_alloc                    0x080006c5   Thumb Code     2  init_alloc.o(.text)
    _init_user_alloc                         0x080006c7   Thumb Code     2  init_alloc.o(.text)
    __Heap_Full                              0x080006c9   Thumb Code    34  init_alloc.o(.text)
    __Heap_Broken                            0x080006eb   Thumb Code     6  init_alloc.o(.text)
    _init_alloc                              0x080006f1   Thumb Code    94  init_alloc.o(.text)
    __Heap_Initialize                        0x0800074f   Thumb Code    10  h1_init.o(.text)
    __Heap_DescSize                          0x08000759   Thumb Code     4  h1_init.o(.text)
    _printf_int_common                       0x0800075d   Thumb Code   178  _printf_intcommon.o(.text)
    _printf_char_common                      0x0800081b   Thumb Code    32  _printf_char_common.o(.text)
    _sputc                                   0x08000841   Thumb Code    10  _sputc.o(.text)
    _printf_cs_common                        0x0800084b   Thumb Code    20  _printf_char.o(.text)
    _printf_char                             0x0800085f   Thumb Code    16  _printf_char.o(.text)
    _printf_string                           0x0800086f   Thumb Code     8  _printf_char.o(.text)
    __user_libspace                          0x08000879   Thumb Code     8  libspace.o(.text)
    __user_perproc_libspace                  0x08000879   Thumb Code     0  libspace.o(.text)
    __user_perthread_libspace                0x08000879   Thumb Code     0  libspace.o(.text)
    __Heap_ProvideMemory                     0x08000881   Thumb Code    52  h1_extend.o(.text)
    __rt_SIGRTMEM                            0x080008b5   Thumb Code    14  defsig_rtmem_outer.o(.text)
    __I$use$semihosting                      0x080008c3   Thumb Code     0  use_no_semi.o(.text)
    __use_no_semihosting_swi                 0x080008c3   Thumb Code     2  use_no_semi.o(.text)
    __semihosting_library_function           0x080008c5   Thumb Code     0  indicate_semi.o(.text)
    __user_setup_stackheap                   0x080008c5   Thumb Code    74  sys_stackheap_outer.o(.text)
    exit                                     0x0800090f   Thumb Code    18  exit.o(.text)
    __sig_exit                               0x08000921   Thumb Code    10  defsig_exit.o(.text)
    __rt_SIGRTMEM_inner                      0x0800092d   Thumb Code    22  defsig_rtmem_inner.o(.text)
    _sys_exit                                0x0800097d   Thumb Code     8  sys_exit.o(.text)
    __default_signal_display                 0x08000989   Thumb Code    50  defsig_general.o(.text)
    _ttywrch                                 0x080009bb   Thumb Code    14  sys_wrch.o(.text)
    GPIO_Init                                0x080009c9   Thumb Code   132  stm32l1xx_gpio1.o(i.GPIO_Init)
    GPIO_PinAFConfig                         0x08000a4d   Thumb Code    70  stm32l1xx_gpio1.o(i.GPIO_PinAFConfig)
    NVIC_Init                                0x08000a95   Thumb Code   106  misc1.o(i.NVIC_Init)
    RCC_GetClocksFreq                        0x08000b0d   Thumb Code   234  stm32l1xx_rcc1.o(i.RCC_GetClocksFreq)
    SysTick_Handler                          0x08000c09   Thumb Code    18  main.o(i.SysTick_Handler)
    SystemInit                               0x08000c21   Thumb Code    82  system_stm32l1xx.o(i.SystemInit)
    USART1_IRQHandler                        0x08000c85   Thumb Code    46  usart.o(i.USART1_IRQHandler)
    USART2_IRQHandler                        0x08000cb9   Thumb Code    50  usart.o(i.USART2_IRQHandler)
    USART_Cmd                                0x08000cf9   Thumb Code    24  stm32l1xx_usart1.o(i.USART_Cmd)
    USART_GetFlagStatus                      0x08000d11   Thumb Code    26  stm32l1xx_usart1.o(i.USART_GetFlagStatus)
    USART_GetITStatus                        0x08000d2b   Thumb Code    84  stm32l1xx_usart1.o(i.USART_GetITStatus)
    USART_ITConfig                           0x08000d7f   Thumb Code    74  stm32l1xx_usart1.o(i.USART_ITConfig)
    USART_Init                               0x08000dc9   Thumb Code   206  stm32l1xx_usart1.o(i.USART_Init)
    USART_ReceiveData                        0x08000e9d   Thumb Code    10  stm32l1xx_usart1.o(i.USART_ReceiveData)
    USART_SendData                           0x08000ea7   Thumb Code     8  stm32l1xx_usart1.o(i.USART_SendData)
    _is_digit                                0x08000eaf   Thumb Code    14  __printf_wp.o(i._is_digit)
    at_direct_send                           0x08000ebd   Thumb Code    18  at_cmd.o(i.at_direct_send)
    at_send_receive                          0x08000ed1   Thumb Code   148  at_cmd.o(i.at_send_receive)
    at_wait_till_double_newline              0x08000f81   Thumb Code    98  at_cmd.o(i.at_wait_till_double_newline)
    delay_ms                                 0x08000fe5   Thumb Code    16  delay.o(i.delay_ms)
    int_to_str                               0x08000ff9   Thumb Code    70  util.o(i.int_to_str)
    main                                     0x08001041   Thumb Code   682  main.o(i.main)
    usart1_getch                             0x08001495   Thumb Code    26  usart.o(i.usart1_getch)
    usart1_init                              0x080014b5   Thumb Code   162  usart.o(i.usart1_init)
    usart1_putch                             0x08001565   Thumb Code    28  usart.o(i.usart1_putch)
    usart1_puts                              0x08001585   Thumb Code    22  usart.o(i.usart1_puts)
    usart2_flush_queue                       0x0800159d   Thumb Code    10  usart.o(i.usart2_flush_queue)
    usart2_getch                             0x080015b1   Thumb Code    26  usart.o(i.usart2_getch)
    usart2_init                              0x080015d1   Thumb Code   162  usart.o(i.usart2_init)
    usart2_putch                             0x08001681   Thumb Code    28  usart.o(i.usart2_putch)
    usart2_puts                              0x080016a1   Thumb Code    28  usart.o(i.usart2_puts)
    usart2_rcv_interrupt_en                  0x080016bd   Thumb Code    52  usart.o(i.usart2_rcv_interrupt_en)
    wifi_connect_router                      0x080016f5   Thumb Code   140  wifi.o(i.wifi_connect_router)
    wifi_init                                0x08001791   Thumb Code    60  wifi.o(i.wifi_init)
    wifi_open_conn                           0x080017e9   Thumb Code   176  wifi.o(i.wifi_open_conn)
    wifi_send_req                            0x080018a9   Thumb Code    76  wifi.o(i.wifi_send_req)
    Region$$Table$$Base                      0x08001990   Number         0  anon$$obj.o(Region$$Table)
    Region$$Table$$Limit                     0x080019b0   Number         0  anon$$obj.o(Region$$Table)
    usart2_buffer_read_index                 0x2000001c   Data           4  usart.o(.data)
    usart2_buffer_write_index                0x20000020   Data           4  usart.o(.data)
    http_req                                 0x20000024   Data           4  main.o(.data)
    timer_tick                               0x20000028   Data           4  main.o(.data)
    SystemCoreClock                          0x2000002c   Data           4  system_stm32l1xx.o(.data)
    PLLMulTable                              0x20000030   Data           9  system_stm32l1xx.o(.data)
    AHBPrescTable                            0x20000039   Data          16  system_stm32l1xx.o(.data)
    usart2_data_buffer                       0x2000004c   Data         512  usart.o(.bss)
    __libspace_start                         0x2000024c   Data          96  libspace.o(.bss)
    __temporary_stack_top$libspace           0x200002ac   Data           0  libspace.o(.bss)



==============================================================================

Memory Map of the image

  Image Entry point : 0x080001dd

  Load Region LR_1 (Base: 0x08000000, Size: 0x000019fc, Max: 0xffffffff, ABSOLUTE)

    Execution Region ER_RO (Exec base: 0x08000000, Load base: 0x08000000, Size: 0x000019b0, Max: 0xffffffff, ABSOLUTE)

    Exec Addr    Load Addr    Size         Type   Attr      Idx    E Section Name        Object

    0x08000000   0x08000000   0x00000124   Data   RO          999    RESET               startup_stm32l100xc.o
    0x08000124   0x08000124   0x00000008   Code   RO         1169  * !!!main             c_w.l(__main.o)
    0x0800012c   0x0800012c   0x00000034   Code   RO         1383    !!!scatter          c_w.l(__scatter.o)
    0x08000160   0x08000160   0x0000001a   Code   RO         1385    !!handler_copy      c_w.l(__scatter_copy.o)
    0x0800017a   0x0800017a   0x00000002   PAD
    0x0800017c   0x0800017c   0x0000001c   Code   RO         1387    !!handler_zi        c_w.l(__scatter_zi.o)
    0x08000198   0x08000198   0x00000000   Code   RO         1160    .ARM.Collect$$_printf_percent$$00000000  c_w.l(_printf_percent.o)
    0x08000198   0x08000198   0x00000006   Code   RO         1158    .ARM.Collect$$_printf_percent$$00000001  c_w.l(_printf_n.o)
    0x0800019e   0x0800019e   0x00000006   Code   RO         1159    .ARM.Collect$$_printf_percent$$00000002  c_w.l(_printf_p.o)
    0x080001a4   0x080001a4   0x00000006   Code   RO         1157    .ARM.Collect$$_printf_percent$$00000014  c_w.l(_printf_s.o)
    0x080001aa   0x080001aa   0x00000004   Code   RO         1207    .ARM.Collect$$_printf_percent$$00000017  c_w.l(_printf_percent_end.o)
    0x080001ae   0x080001ae   0x00000002   Code   RO         1322    .ARM.Collect$$libinit$$00000000  c_w.l(libinit.o)
    0x080001b0   0x080001b0   0x00000000   Code   RO         1213    .ARM.Collect$$libinit$$00000002  c_w.l(libinit2.o)
    0x080001b0   0x080001b0   0x00000000   Code   RO         1215    .ARM.Collect$$libinit$$00000004  c_w.l(libinit2.o)
    0x080001b0   0x080001b0   0x00000008   Code   RO         1216    .ARM.Collect$$libinit$$00000005  c_w.l(libinit2.o)
    0x080001b8   0x080001b8   0x00000000   Code   RO         1218    .ARM.Collect$$libinit$$0000000A  c_w.l(libinit2.o)
    0x080001b8   0x080001b8   0x00000000   Code   RO         1220    .ARM.Collect$$libinit$$0000000C  c_w.l(libinit2.o)
    0x080001b8   0x080001b8   0x00000000   Code   RO         1222    .ARM.Collect$$libinit$$0000000E  c_w.l(libinit2.o)
    0x080001b8   0x080001b8   0x00000000   Code   RO         1225    .ARM.Collect$$libinit$$00000011  c_w.l(libinit2.o)
    0x080001b8   0x080001b8   0x00000000   Code   RO         1227    .ARM.Collect$$libinit$$00000013  c_w.l(libinit2.o)
    0x080001b8   0x080001b8   0x00000000   Code   RO         1229    .ARM.Collect$$libinit$$00000015  c_w.l(libinit2.o)
    0x080001b8   0x080001b8   0x00000000   Code   RO         1231    .ARM.Collect$$libinit$$00000017  c_w.l(libinit2.o)
    0x080001b8   0x080001b8   0x00000000   Code   RO         1233    .ARM.Collect$$libinit$$00000019  c_w.l(libinit2.o)
    0x080001b8   0x080001b8   0x00000000   Code   RO         1235    .ARM.Collect$$libinit$$0000001B  c_w.l(libinit2.o)
    0x080001b8   0x080001b8   0x00000000   Code   RO         1237    .ARM.Collect$$libinit$$0000001D  c_w.l(libinit2.o)
    0x080001b8   0x080001b8   0x00000000   Code   RO         1239    .ARM.Collect$$libinit$$0000001F  c_w.l(libinit2.o)
    0x080001b8   0x080001b8   0x00000000   Code   RO         1241    .ARM.Collect$$libinit$$00000021  c_w.l(libinit2.o)
    0x080001b8   0x080001b8   0x00000000   Code   RO         1243    .ARM.Collect$$libinit$$00000023  c_w.l(libinit2.o)
    0x080001b8   0x080001b8   0x00000000   Code   RO         1245    .ARM.Collect$$libinit$$00000025  c_w.l(libinit2.o)
    0x080001b8   0x080001b8   0x00000000   Code   RO         1249    .ARM.Collect$$libinit$$0000002C  c_w.l(libinit2.o)
    0x080001b8   0x080001b8   0x00000000   Code   RO         1251    .ARM.Collect$$libinit$$0000002E  c_w.l(libinit2.o)
    0x080001b8   0x080001b8   0x00000000   Code   RO         1253    .ARM.Collect$$libinit$$00000030  c_w.l(libinit2.o)
    0x080001b8   0x080001b8   0x00000000   Code   RO         1255    .ARM.Collect$$libinit$$00000032  c_w.l(libinit2.o)
    0x080001b8   0x080001b8   0x00000002   Code   RO         1256    .ARM.Collect$$libinit$$00000033  c_w.l(libinit2.o)
    0x080001ba   0x080001ba   0x00000002   Code   RO         1380    .ARM.Collect$$libshutdown$$00000000  c_w.l(libshutdown.o)
    0x080001bc   0x080001bc   0x00000000   Code   RO         1336    .ARM.Collect$$libshutdown$$00000002  c_w.l(libshutdown2.o)
    0x080001bc   0x080001bc   0x00000000   Code   RO         1338    .ARM.Collect$$libshutdown$$00000004  c_w.l(libshutdown2.o)
    0x080001bc   0x080001bc   0x00000000   Code   RO         1341    .ARM.Collect$$libshutdown$$00000007  c_w.l(libshutdown2.o)
    0x080001bc   0x080001bc   0x00000000   Code   RO         1344    .ARM.Collect$$libshutdown$$0000000A  c_w.l(libshutdown2.o)
    0x080001bc   0x080001bc   0x00000000   Code   RO         1346    .ARM.Collect$$libshutdown$$0000000C  c_w.l(libshutdown2.o)
    0x080001bc   0x080001bc   0x00000000   Code   RO         1349    .ARM.Collect$$libshutdown$$0000000F  c_w.l(libshutdown2.o)
    0x080001bc   0x080001bc   0x00000002   Code   RO         1350    .ARM.Collect$$libshutdown$$00000010  c_w.l(libshutdown2.o)
    0x080001be   0x080001be   0x00000000   Code   RO         1173    .ARM.Collect$$rtentry$$00000000  c_w.l(__rtentry.o)
    0x080001be   0x080001be   0x00000000   Code   RO         1263    .ARM.Collect$$rtentry$$00000002  c_w.l(__rtentry2.o)
    0x080001be   0x080001be   0x00000006   Code   RO         1275    .ARM.Collect$$rtentry$$00000004  c_w.l(__rtentry4.o)
    0x080001c4   0x080001c4   0x00000000   Code   RO         1265    .ARM.Collect$$rtentry$$00000009  c_w.l(__rtentry2.o)
    0x080001c4   0x080001c4   0x00000004   Code   RO         1266    .ARM.Collect$$rtentry$$0000000A  c_w.l(__rtentry2.o)
    0x080001c8   0x080001c8   0x00000000   Code   RO         1268    .ARM.Collect$$rtentry$$0000000C  c_w.l(__rtentry2.o)
    0x080001c8   0x080001c8   0x00000008   Code   RO         1269    .ARM.Collect$$rtentry$$0000000D  c_w.l(__rtentry2.o)
    0x080001d0   0x080001d0   0x00000002   Code   RO         1325    .ARM.Collect$$rtexit$$00000000  c_w.l(rtexit.o)
    0x080001d2   0x080001d2   0x00000000   Code   RO         1354    .ARM.Collect$$rtexit$$00000002  c_w.l(rtexit2.o)
    0x080001d2   0x080001d2   0x00000004   Code   RO         1355    .ARM.Collect$$rtexit$$00000003  c_w.l(rtexit2.o)
    0x080001d6   0x080001d6   0x00000006   Code   RO         1356    .ARM.Collect$$rtexit$$00000004  c_w.l(rtexit2.o)
    0x080001dc   0x080001dc   0x00000000   Code   RO         1279    .emb_text           c_w.l(maybetermalloc1.o)
    0x080001dc   0x080001dc   0x00000040   Code   RO         1000  * .text               startup_stm32l100xc.o
    0x0800021c   0x0800021c   0x0000005e   Code   RO         1046    .text               c_w.l(h1_alloc.o)
    0x0800027a   0x0800027a   0x0000004e   Code   RO         1048    .text               c_w.l(h1_free.o)
    0x080002c8   0x080002c8   0x00000028   Code   RO         1106    .text               c_w.l(noretval__2sprintf.o)
    0x080002f0   0x080002f0   0x0000004e   Code   RO         1110    .text               c_w.l(_printf_pad.o)
    0x0800033e   0x0800033e   0x00000052   Code   RO         1112    .text               c_w.l(_printf_str.o)
    0x08000390   0x08000390   0x00000028   Code   RO         1114    .text               c_w.l(_printf_charcount.o)
    0x080003b8   0x080003b8   0x00000054   Code   RO         1125    .text               c_w.l(_printf_hex_ptr.o)
    0x0800040c   0x0800040c   0x00000188   Code   RO         1154    .text               c_w.l(__printf_flags_ss_wp.o)
    0x08000594   0x08000594   0x00000048   Code   RO         1161    .text               c_w.l(strcpy.o)
    0x080005dc   0x080005dc   0x0000003e   Code   RO         1163    .text               c_w.l(strlen.o)
    0x0800061a   0x0800061a   0x00000096   Code   RO         1165    .text               c_w.l(strncmp.o)
    0x080006b0   0x080006b0   0x00000006   Code   RO         1167    .text               c_w.l(heapauxi.o)
    0x080006b6   0x080006b6   0x00000002   PAD
    0x080006b8   0x080006b8   0x00000008   Code   RO         1177    .text               c_w.l(rt_heap_descriptor_intlibspace.o)
    0x080006c0   0x080006c0   0x00000004   Code   RO         1179    .text               c_w.l(hguard.o)
    0x080006c4   0x080006c4   0x0000008a   Code   RO         1181    .text               c_w.l(init_alloc.o)
    0x0800074e   0x0800074e   0x0000000e   Code   RO         1185    .text               c_w.l(h1_init.o)
    0x0800075c   0x0800075c   0x000000b2   Code   RO         1199    .text               c_w.l(_printf_intcommon.o)
    0x0800080e   0x0800080e   0x00000002   PAD
    0x08000810   0x08000810   0x00000030   Code   RO         1201    .text               c_w.l(_printf_char_common.o)
    0x08000840   0x08000840   0x0000000a   Code   RO         1203    .text               c_w.l(_sputc.o)
    0x0800084a   0x0800084a   0x0000002c   Code   RO         1205    .text               c_w.l(_printf_char.o)
    0x08000876   0x08000876   0x00000002   PAD
    0x08000878   0x08000878   0x00000008   Code   RO         1259    .text               c_w.l(libspace.o)
    0x08000880   0x08000880   0x00000034   Code   RO         1281    .text               c_w.l(h1_extend.o)
    0x080008b4   0x080008b4   0x0000000e   Code   RO         1287    .text               c_w.l(defsig_rtmem_outer.o)
    0x080008c2   0x080008c2   0x00000002   Code   RO         1298    .text               c_w.l(use_no_semi.o)
    0x080008c4   0x080008c4   0x00000000   Code   RO         1300    .text               c_w.l(indicate_semi.o)
    0x080008c4   0x080008c4   0x0000004a   Code   RO         1301    .text               c_w.l(sys_stackheap_outer.o)
    0x0800090e   0x0800090e   0x00000012   Code   RO         1307    .text               c_w.l(exit.o)
    0x08000920   0x08000920   0x0000000a   Code   RO         1309    .text               c_w.l(defsig_exit.o)
    0x0800092a   0x0800092a   0x00000002   PAD
    0x0800092c   0x0800092c   0x00000050   Code   RO         1311    .text               c_w.l(defsig_rtmem_inner.o)
    0x0800097c   0x0800097c   0x0000000c   Code   RO         1323    .text               c_w.l(sys_exit.o)
    0x08000988   0x08000988   0x00000032   Code   RO         1333    .text               c_w.l(defsig_general.o)
    0x080009ba   0x080009ba   0x0000000e   Code   RO         1351    .text               c_w.l(sys_wrch.o)
    0x080009c8   0x080009c8   0x00000084   Code   RO          183    i.GPIO_Init         stm32l1xx_gpio1.o
    0x08000a4c   0x08000a4c   0x00000046   Code   RO          184    i.GPIO_PinAFConfig  stm32l1xx_gpio1.o
    0x08000a92   0x08000a92   0x00000002   PAD
    0x08000a94   0x08000a94   0x00000078   Code   RO          952    i.NVIC_Init         misc1.o
    0x08000b0c   0x08000b0c   0x000000fc   Code   RO          299    i.RCC_GetClocksFreq  stm32l1xx_rcc1.o
    0x08000c08   0x08000c08   0x00000018   Code   RO          906    i.SysTick_Handler   main.o
    0x08000c20   0x08000c20   0x00000064   Code   RO         1008    i.SystemInit        system_stm32l1xx.o
    0x08000c84   0x08000c84   0x00000034   Code   RO          727    i.USART1_IRQHandler  usart.o
    0x08000cb8   0x08000cb8   0x00000040   Code   RO          728    i.USART2_IRQHandler  usart.o
    0x08000cf8   0x08000cf8   0x00000018   Code   RO          539    i.USART_Cmd         stm32l1xx_usart1.o
    0x08000d10   0x08000d10   0x0000001a   Code   RO          542    i.USART_GetFlagStatus  stm32l1xx_usart1.o
    0x08000d2a   0x08000d2a   0x00000054   Code   RO          543    i.USART_GetITStatus  stm32l1xx_usart1.o
    0x08000d7e   0x08000d7e   0x0000004a   Code   RO          545    i.USART_ITConfig    stm32l1xx_usart1.o
    0x08000dc8   0x08000dc8   0x000000d4   Code   RO          546    i.USART_Init        stm32l1xx_usart1.o
    0x08000e9c   0x08000e9c   0x0000000a   Code   RO          553    i.USART_ReceiveData  stm32l1xx_usart1.o
    0x08000ea6   0x08000ea6   0x00000008   Code   RO          556    i.USART_SendData    stm32l1xx_usart1.o
    0x08000eae   0x08000eae   0x0000000e   Code   RO         1147    i._is_digit         c_w.l(__printf_wp.o)
    0x08000ebc   0x08000ebc   0x00000012   Code   RO            4    i.at_direct_send    at_cmd.o
    0x08000ece   0x08000ece   0x00000002   PAD
    0x08000ed0   0x08000ed0   0x000000b0   Code   RO            6    i.at_send_receive   at_cmd.o
    0x08000f80   0x08000f80   0x00000062   Code   RO            7    i.at_wait_till_double_newline  at_cmd.o
    0x08000fe2   0x08000fe2   0x00000002   PAD
    0x08000fe4   0x08000fe4   0x00000014   Code   RO          165    i.delay_ms          delay.o
    0x08000ff8   0x08000ff8   0x00000046   Code   RO          843    i.int_to_str        util.o
    0x0800103e   0x0800103e   0x00000002   PAD
    0x08001040   0x08001040   0x00000454   Code   RO          907    i.main              main.o
    0x08001494   0x08001494   0x00000020   Code   RO          729    i.usart1_getch      usart.o
    0x080014b4   0x080014b4   0x000000b0   Code   RO          730    i.usart1_init       usart.o
    0x08001564   0x08001564   0x00000020   Code   RO          731    i.usart1_putch      usart.o
    0x08001584   0x08001584   0x00000016   Code   RO          733    i.usart1_puts       usart.o
    0x0800159a   0x0800159a   0x00000002   PAD
    0x0800159c   0x0800159c   0x00000014   Code   RO          735    i.usart2_flush_queue  usart.o
    0x080015b0   0x080015b0   0x00000020   Code   RO          736    i.usart2_getch      usart.o
    0x080015d0   0x080015d0   0x000000b0   Code   RO          737    i.usart2_init       usart.o
    0x08001680   0x08001680   0x00000020   Code   RO          738    i.usart2_putch      usart.o
    0x080016a0   0x080016a0   0x0000001c   Code   RO          740    i.usart2_puts       usart.o
    0x080016bc   0x080016bc   0x00000038   Code   RO          741    i.usart2_rcv_interrupt_en  usart.o
    0x080016f4   0x080016f4   0x0000009c   Code   RO          858    i.wifi_connect_router  wifi.o
    0x08001790   0x08001790   0x00000058   Code   RO          859    i.wifi_init         wifi.o
    0x080017e8   0x080017e8   0x000000c0   Code   RO          860    i.wifi_open_conn    wifi.o
    0x080018a8   0x080018a8   0x0000005c   Code   RO          861    i.wifi_send_req     wifi.o
    0x08001904   0x08001904   0x00000028   Data   RO         1126    .constdata          c_w.l(_printf_hex_ptr.o)
    0x0800192c   0x0800192c   0x00000011   Data   RO         1155    .constdata          c_w.l(__printf_flags_ss_wp.o)
    0x0800193d   0x0800193d   0x00000003   PAD
    0x08001940   0x08001940   0x0000004f   Data   RO          908    .conststring        main.o
    0x0800198f   0x0800198f   0x00000001   PAD
    0x08001990   0x08001990   0x00000020   Data   RO         1381    Region$$Table       anon$$obj.o


    Execution Region ER_RW (Exec base: 0x20000000, Load base: 0x080019b0, Size: 0x0000004c, Max: 0xffffffff, ABSOLUTE)

    Exec Addr    Load Addr    Size         Type   Attr      Idx    E Section Name        Object

    0x20000000   0x080019b0   0x00000019   Data   RW          322    .data               stm32l1xx_rcc1.o
    0x20000019   0x080019c9   0x00000003   PAD
    0x2000001c   0x080019cc   0x00000008   Data   RW          743    .data               usart.o
    0x20000024   0x080019d4   0x00000008   Data   RW          909    .data               main.o
    0x2000002c   0x080019dc   0x0000001d   Data   RW         1009    .data               system_stm32l1xx.o


    Execution Region ER_ZI (Exec base: 0x2000004c, Load base: 0x080019fc, Size: 0x00000864, Max: 0xffffffff, ABSOLUTE)

    Exec Addr    Load Addr    Size         Type   Attr      Idx    E Section Name        Object

    0x2000004c        -       0x00000200   Zero   RW          742    .bss                usart.o
    0x2000024c        -       0x00000060   Zero   RW         1260    .bss                c_w.l(libspace.o)
    0x200002ac   0x080019fc   0x00000004   PAD
    0x200002b0        -       0x00000200   Zero   RW          998    HEAP                startup_stm32l100xc.o
    0x200004b0        -       0x00000400   Zero   RW          997    STACK               startup_stm32l100xc.o


==============================================================================

Image component sizes


      Code (inc. data)   RO Data    RW Data    ZI Data      Debug   Object Name

       292         28          0          0          0     188045   at_cmd.o
        20          4          0          0          0        435   delay.o
      1132        432         79          8          0      29008   main.o
       120         14          0          0          0        956   misc1.o
        64         26        292          0       1536        820   startup_stm32l100xc.o
       202          0          0          0          0       1691   stm32l1xx_gpio1.o
       252         18          0         25          0       2768   stm32l1xx_rcc1.o
       438          6          0          0          0       5009   stm32l1xx_usart1.o
       100         18          0         29          0       1289   system_stm32l1xx.o
       722         82          0          8        512       6611   usart.o
        70          0          0          0          0        685   util.o
       528         76          0          0          0       3059   wifi.o

    ----------------------------------------------------------------------
      3950        704        404         76       2048     240376   Object Totals
         0          0         32          0          0          0   (incl. Generated)
        10          0          1          6          0          0   (incl. Padding)

    ----------------------------------------------------------------------

      Code (inc. data)   RO Data    RW Data    ZI Data      Debug   Library Member Name

         8          0          0          0          0         68   __main.o
       392          4         17          0          0         92   __printf_flags_ss_wp.o
        14          0          0          0          0         68   __printf_wp.o
         0          0          0          0          0          0   __rtentry.o
        12          0          0          0          0          0   __rtentry2.o
         6          0          0          0          0          0   __rtentry4.o
        52          8          0          0          0          0   __scatter.o
        26          0          0          0          0          0   __scatter_copy.o
        28          0          0          0          0          0   __scatter_zi.o
        44          0          0          0          0        108   _printf_char.o
        48          6          0          0          0         96   _printf_char_common.o
        40          0          0          0          0         68   _printf_charcount.o
        84          6         40          0          0         88   _printf_hex_ptr.o
       178          0          0          0          0         88   _printf_intcommon.o
         6          0          0          0          0          0   _printf_n.o
         6          0          0          0          0          0   _printf_p.o
        78          0          0          0          0        108   _printf_pad.o
         0          0          0          0          0          0   _printf_percent.o
         4          0          0          0          0          0   _printf_percent_end.o
         6          0          0          0          0          0   _printf_s.o
        82          0          0          0          0         80   _printf_str.o
        10          0          0          0          0         68   _sputc.o
        10          0          0          0          0         68   defsig_exit.o
        50          0          0          0          0         88   defsig_general.o
        80         58          0          0          0         76   defsig_rtmem_inner.o
        14          0          0          0          0         80   defsig_rtmem_outer.o
        18          0          0          0          0         80   exit.o
        94          0          0          0          0         80   h1_alloc.o
        52          0          0          0          0         68   h1_extend.o
        78          0          0          0          0         80   h1_free.o
        14          0          0          0          0         84   h1_init.o
         6          0          0          0          0        152   heapauxi.o
         4          0          0          0          0        136   hguard.o
         0          0          0          0          0          0   indicate_semi.o
       138          0          0          0          0        168   init_alloc.o
         2          0          0          0          0          0   libinit.o
        10          0          0          0          0          0   libinit2.o
         2          0          0          0          0          0   libshutdown.o
         2          0          0          0          0          0   libshutdown2.o
         8          4          0          0         96         68   libspace.o
         0          0          0          0          0          0   maybetermalloc1.o
        40          6          0          0          0         84   noretval__2sprintf.o
         8          4          0          0          0         68   rt_heap_descriptor_intlibspace.o
         2          0          0          0          0          0   rtexit.o
        10          0          0          0          0          0   rtexit2.o
        72          0          0          0          0         80   strcpy.o
        62          0          0          0          0         76   strlen.o
       150          0          0          0          0         80   strncmp.o
        12          4          0          0          0         68   sys_exit.o
        74          0          0          0          0         80   sys_stackheap_outer.o
        14          0          0          0          0         76   sys_wrch.o
         2          0          0          0          0         68   use_no_semi.o

    ----------------------------------------------------------------------
      2162        100         60          0        100       2840   Library Totals
        10          0          3          0          4          0   (incl. Padding)

    ----------------------------------------------------------------------

      Code (inc. data)   RO Data    RW Data    ZI Data      Debug   Library Name

      2152        100         57          0         96       2840   c_w.l

    ----------------------------------------------------------------------
      2162        100         60          0        100       2840   Library Totals

    ----------------------------------------------------------------------

==============================================================================


      Code (inc. data)   RO Data    RW Data    ZI Data      Debug   

      6112        804        464         76       2148     239988   Grand Totals
      6112        804        464         76       2148     239988   ELF Image Totals
      6112        804        464         76          0          0   ROM Totals

==============================================================================

    Total RO  Size (Code + RO Data)                 6576 (   6.42kB)
    Total RW  Size (RW Data + ZI Data)              2224 (   2.17kB)
    Total ROM Size (Code + RO Data + RW Data)       6652 (   6.50kB)

==============================================================================

